 vbsp

 Timestamp is 66ee94ce (Sat Sep 21 16:41:34 2024)

 Preferred load address is 00400000

 Start         Length     Name                   Class
 0001:00000000 000ca8d8H .text                   CODE
 0001:000ca8e0 00000b63H .text$x                 CODE
 0001:000cb450 00000944H .text$yc                CODE
 0001:000cbda0 000006c2H .text$yd                CODE
 0002:00000000 0000025cH .idata$5                DATA
 0002:0000025c 00000004H .CRT$XCA                DATA
 0002:00000260 0000000cH .CRT$XCC                DATA
 0002:0000026c 00000108H .CRT$XCU                DATA
 0002:00000374 00000004H .CRT$XCZ                DATA
 0002:00000378 00000004H .CRT$XIA                DATA
 0002:0000037c 00000014H .CRT$XIC                DATA
 0002:00000390 00000004H .CRT$XIY                DATA
 0002:00000394 00000004H .CRT$XIZ                DATA
 0002:00000398 00000004H .CRT$XPA                DATA
 0002:0000039c 00000004H .CRT$XPX                DATA
 0002:000003a0 00000004H .CRT$XPXA               DATA
 0002:000003a4 00000004H .CRT$XPZ                DATA
 0002:000003a8 00000004H .CRT$XTA                DATA
 0002:000003ac 00000004H .CRT$XTZ                DATA
 0002:000003b0 00014394H .rdata                  DATA
 0002:00014744 00000054H .rdata$debug            DATA
 0002:00014798 00001354H .rdata$r                DATA
 0002:00015aec 00000004H .rtc$IAA                DATA
 0002:00015af0 00000000H .rtc$IMZ                DATA
 0002:00015af0 00000004H .rtc$IZZ                DATA
 0002:00015af4 00000004H .rtc$TAA                DATA
 0002:00015af8 00000000H .rtc$TMZ                DATA
 0002:00015af8 00000004H .rtc$TZZ                DATA
 0002:00015b00 00001c94H .xdata$x                DATA
 0002:00017794 00000050H .idata$2                DATA
 0002:000177e4 00000014H .idata$3                DATA
 0002:000177f8 0000025cH .idata$4                DATA
 0002:00017a54 00000b18H .idata$6                DATA
 0002:00018570 0000004bH .edata                  DATA
 0003:00000000 00003980H .data                   DATA
 0003:00003980 06d22778H .bss                    DATA

  Address         Publics by Value              Rva+Base       Lib:Object

 0000:00000000       ___safe_se_handler_table   00000000     <absolute>
 0000:00000000       ___safe_se_handler_count   00000000     <absolute>
 0000:00000000       __except_list              00000000     <absolute>
 0000:00000000       ___ImageBase               00400000     <linker-defined>
 0001:00000000       ??2@YAPAXIPAX@Z            00401000 f i brushbsp.obj
 0001:00000010       ?UtlMemory_CalcNewAllocationCount@@YAHHHHH@Z 00401010 f i brushbsp.obj
 0001:00000050       ?V_memmove@@YAXPAXPBXH@Z   00401050 f i brushbsp.obj
 0001:00000060       ??0Vector2D@@QAE@MM@Z      00401060 f i brushbsp.obj
 0001:00000080       ??0Vector@@QAE@XZ          00401080 f i brushbsp.obj
 0001:00000090       ??0Vector@@QAE@MMM@Z       00401090 f i brushbsp.obj
 0001:000000b0       ?VectorClear@@YAXAAVVector@@@Z 004010b0 f i brushbsp.obj
 0001:000000c0       ??AVector@@QAEAAMH@Z       004010c0 f i brushbsp.obj
 0001:000000d0       ??AVector@@QBEMH@Z         004010d0 f i brushbsp.obj
 0001:000000e0       ?VectorCopy@@YAXABVVector@@AAV1@@Z 004010e0 f i brushbsp.obj
 0001:00000100       ??ZVector@@QAEAAV0@ABV0@@Z 00401100 f i brushbsp.obj
 0001:00000130       ?VectorAdd@@YAXABVVector@@0AAV1@@Z 00401130 f i brushbsp.obj
 0001:00000160       ?VectorSubtract@@YAXABVVector@@0AAV1@@Z 00401160 f i brushbsp.obj
 0001:00000190       ?VectorMultiply@@YAXABVVector@@MAAV1@@Z 00401190 f i brushbsp.obj
 0001:000001c0       ??_H@YGXPAXIHP6EPAX0@Z@Z   004011c0 f i brushbsp.obj
 0001:00000200       ?DotProduct@@YAMABVVector@@0@Z 00401200 f i brushbsp.obj
 0001:00000230       ?VectorLength@@YAMABVVector@@@Z 00401230 f i brushbsp.obj
 0001:00000270       ??GVector@@QBE?AV0@XZ      00401270 f i brushbsp.obj
 0001:00000290       ??HVector@@QBE?AV0@ABV0@@Z 00401290 f i brushbsp.obj
 0001:000002c0       ??DVector@@QBE?AV0@M@Z     004012c0 f i brushbsp.obj
 0001:000002f0       ??D@YA?AVVector@@MABV0@@Z  004012f0 f i brushbsp.obj
 0001:00000320       ?FindBrushInTree@@YAXPAUnode_t@@H@Z 00401320 f   brushbsp.obj
 0001:00000380       ?DrawBrushList@@YAXPAUbspbrush_t@@PAUnode_t@@@Z 00401380 f   brushbsp.obj
 0001:000003e0       ?WriteBrushList@@YAXPADPAUbspbrush_t@@H@Z 004013e0 f   brushbsp.obj
 0001:00000470       ?PrintBrush@@YAXPAUbspbrush_t@@@Z 00401470 f   brushbsp.obj
 0001:000004c0       ?BoundBrush@@YAXPAUbspbrush_t@@@Z 004014c0 f   brushbsp.obj
 0001:00000550       ?PointInsideBrush@@YA?AVVector@@PAUbspbrush_t@@@Z 00401550 f   brushbsp.obj
 0001:00000840       ?CreateBrushWindings@@YAXPAUbspbrush_t@@@Z 00401840 f   brushbsp.obj
 0001:000009e0       ?BrushVolume@@YAMPAUbspbrush_t@@@Z 004019e0 f   brushbsp.obj
 0001:00000ac0       ?CountBrushList@@YAHPAUbspbrush_t@@@Z 00401ac0 f   brushbsp.obj
 0001:00000ae0       ?AllocTree@@YAPAUtree_t@@XZ 00401ae0 f   brushbsp.obj
 0001:00000b10       ?AllocNode@@YAPAUnode_t@@XZ 00401b10 f   brushbsp.obj
 0001:00000b50       ?AllocBrush@@YAPAUbspbrush_t@@H@Z 00401b50 f   brushbsp.obj
 0001:00000ba0       ?FreeBrush@@YAXPAUbspbrush_t@@@Z 00401ba0 f   brushbsp.obj
 0001:00000bf0       ?FreeBrushList@@YAXPAUbspbrush_t@@@Z 00401bf0 f   brushbsp.obj
 0001:00000c20       ?CopyBrush@@YAPAUbspbrush_t@@PAU1@@Z 00401c20 f   brushbsp.obj
 0001:00000cb0       ?PointInLeaf@@YAPAUnode_t@@PAU1@AAVVector@@@Z 00401cb0 f   brushbsp.obj
 0001:00000d20       ?BrushBspBoxOnPlaneSide@@YAHABVVector@@0PAUdplane_t@@@Z 00401d20 f   brushbsp.obj
 0001:00000e70       ?QuickTestBrushToPlanenum@@YAHPAUbspbrush_t@@HPAH@Z 00401e70 f   brushbsp.obj
 0001:00000f10       ?TestBrushToPlanenum@@YAHPAUbspbrush_t@@HPAH11@Z 00401f10 f   brushbsp.obj
 0001:00001390       ?WindingIsTiny@@YAHPAUwinding_t@@@Z 00402390 f   brushbsp.obj
 0001:00001460       ?WindingIsHuge@@YAHPAUwinding_t@@@Z 00402460 f   brushbsp.obj
 0001:000014e0       ?LeafNode@@YAXPAUnode_t@@PAUbspbrush_t@@@Z 004024e0 f   brushbsp.obj
 0001:00001550       ?RemoveAreaPortalBrushes_R@@YAXPAUnode_t@@@Z 00402550 f   brushbsp.obj
 0001:000015a0       ?CheckPlaneAgainstParents@@YAXHPAUnode_t@@@Z 004025a0 f   brushbsp.obj
 0001:000015e0       ?BrushMostlyOnSide@@YAHPAUbspbrush_t@@PAUplane_t@@@Z 004025e0 f   brushbsp.obj
 0001:00001880       ?Count@?$CUtlVector@HV?$CUtlMemory@H@@@@QBEHXZ 00402880 f i brushbsp.obj
 0001:00001890       ?Base@?$CUtlMemory@H@@QBEPBHXZ 00402890 f i brushbsp.obj
 0001:000018a0       ?Base@?$CUtlMemory@H@@QAEPAHXZ 004028a0 f i brushbsp.obj
 0001:000018b0       ??$Destruct@H@@YAXPAH@Z    004028b0 f i brushbsp.obj
 0001:000018c0       ??$Construct@H@@YAXPAH@Z   004028c0 f i brushbsp.obj
 0001:000018d0       ?NumAllocated@?$CUtlMemory@H@@QBEHXZ 004028d0 f i brushbsp.obj
 0001:000018e0       ?IsExternallyAllocated@?$CUtlMemory@H@@QBE_NXZ 004028e0 f i brushbsp.obj
 0001:000018f0       ?BrushFromBounds@@YAPAUbspbrush_t@@AAVVector@@0@Z 004028f0 f   brushbsp.obj
 0001:000019f0       ?Base@?$CUtlVector@HV?$CUtlMemory@H@@@@QBEPBHXZ 004029f0 f i brushbsp.obj
 0001:00001a00       ?Base@?$CUtlVector@HV?$CUtlMemory@H@@@@QAEPAHXZ 00402a00 f i brushbsp.obj
 0001:00001a10       ?Element@?$CUtlVector@HV?$CUtlMemory@H@@@@QAEAAHH@Z 00402a10 f i brushbsp.obj
 0001:00001a20       ?ShiftElementsRight@?$CUtlVector@HV?$CUtlMemory@H@@@@IAEXHH@Z 00402a20 f i brushbsp.obj
 0001:00001a60       ?ResetDbgInfo@?$CUtlVector@HV?$CUtlMemory@H@@@@IAEXXZ 00402a60 f i brushbsp.obj
 0001:00001a70       ?Grow@?$CUtlMemory@H@@QAEXH@Z 00402a70 f i brushbsp.obj
 0001:00001ae0       ??A?$CUtlVector@HV?$CUtlMemory@H@@@@QAEAAHH@Z 00402ae0 f i brushbsp.obj
 0001:00001af0       ?RemoveAll@?$CUtlVector@HV?$CUtlMemory@H@@@@QAEXXZ 00402af0 f i brushbsp.obj
 0001:00001b00       ?GrowVector@?$CUtlVector@HV?$CUtlMemory@H@@@@IAEXH@Z 00402b00 f i brushbsp.obj
 0001:00001b30       ?InsertMultipleBefore@?$CUtlVector@HV?$CUtlMemory@H@@@@QAEHHHPBH@Z 00402b30 f i brushbsp.obj
 0001:00001bd0       ?AddMultipleToTail@?$CUtlVector@HV?$CUtlMemory@H@@@@QAEHHPBH@Z 00402bd0 f i brushbsp.obj
 0001:00001bf0       ?SetCount@?$CUtlVector@HV?$CUtlMemory@H@@@@QAEXH@Z 00402bf0 f i brushbsp.obj
 0001:00001c10       ?SetSize@?$CUtlVector@HV?$CUtlMemory@H@@@@QAEXH@Z 00402c10 f i brushbsp.obj
 0001:00001c30       ?CopyArray@?$CUtlVector@HV?$CUtlMemory@H@@@@QAEXPBHH@Z 00402c30 f i brushbsp.obj
 0001:00001c70       ??4?$CUtlVector@HV?$CUtlMemory@H@@@@QAEAAV0@ABV0@@Z 00402c70 f i brushbsp.obj
 0001:00001c90       ??4side_t@@QAEAAU0@ABU0@@Z 00402c90 f i brushbsp.obj
 0001:00001d20       ?SplitBrush@@YAXPAUbspbrush_t@@HPAPAU1@1@Z 00402d20 f   brushbsp.obj
 0001:00002570       ?SplitBrushList@@YAXPAUbspbrush_t@@PAUnode_t@@PAPAU1@2@Z 00403570 f   brushbsp.obj
 0001:00002650       ?CheckPlaneAgainstVolume@@YAHHPAUnode_t@@@Z 00403650 f   brushbsp.obj
 0001:000026b0       ?SelectSplitSide@@YAPAUside_t@@PAUbspbrush_t@@PAUnode_t@@@Z 004036b0 f   brushbsp.obj
 0001:000029a0       ?BuildTree_r@@YAPAUnode_t@@PAU1@PAUbspbrush_t@@@Z 004039a0 f   brushbsp.obj
 0001:00002ac0       ?BrushBSP@@YAPAUtree_t@@PAUbspbrush_t@@AAVVector@@1@Z 00403ac0 f   brushbsp.obj
 0001:00002c80       ?FloatBits@@YAAAKAAM@Z     00403c80 f i CollisionUtils.obj
 0001:00002c90       ?BitsToFloat@@YAMK@Z       00403c90 f i CollisionUtils.obj
 0001:00002ca0       ?FloatAbsBits@@YAKM@Z      00403ca0 f i CollisionUtils.obj
 0001:00002cb0       ?FloatMakePositive@@YAMM@Z 00403cb0 f i CollisionUtils.obj
 0001:00002cd0       _fabsf                     00403cd0 f i CollisionUtils.obj
 0001:00002ce0       _sqrtf                     00403ce0 f i CollisionUtils.obj
 0001:00002d00       ?sqrt@@YAMM@Z              00403d00 f i CollisionUtils.obj
 0001:00002d20       ??0Vector2D@@QAE@XZ        00403d20 f i CollisionUtils.obj
 0001:00002d30       ??AVector2D@@QAEAAMH@Z     00403d30 f i CollisionUtils.obj
 0001:00002d40       ??AVector2D@@QBEMH@Z       00403d40 f i CollisionUtils.obj
 0001:00002d50       ?Vector2DSubtract@@YAXABVVector2D@@0AAV1@@Z 00403d50 f i CollisionUtils.obj
 0001:00002d70       ?Vector2DMA@@YAXABVVector2D@@M0AAV1@@Z 00403d70 f i CollisionUtils.obj
 0001:00002da0       ?Vector2DLerp@@YAXABVVector2D@@0MAAV1@@Z 00403da0 f i CollisionUtils.obj
 0001:00002dd0       ?LengthSqr@Vector@@QBEMXZ  00403dd0 f i CollisionUtils.obj
 0001:00002e00       ?Init@Vector@@QAEXMMM@Z    00403e00 f i CollisionUtils.obj
 0001:00002e20       ??4Vector@@QAEAAV0@ABV0@@Z 00403e20 f i CollisionUtils.obj
 0001:00002e40       ?Base@Vector@@QAEPAMXZ     00403e40 f i CollisionUtils.obj
 0001:00002e50       ?Base@Vector@@QBEPBMXZ     00403e50 f i CollisionUtils.obj
 0001:00002e60       ?Negate@Vector@@QAEXXZ     00403e60 f i CollisionUtils.obj
 0001:00002e80       ??YVector@@QAEAAV0@ABV0@@Z 00403e80 f i CollisionUtils.obj
 0001:00002eb0       ??XVector@@QAEAAV0@M@Z     00403eb0 f i CollisionUtils.obj
 0001:00002ee0       ?VectorLerp@@YAXABVVector@@0MAAV1@@Z 00403ee0 f i CollisionUtils.obj
 0001:00002f20       ?Dot@Vector@@QBEMABV1@@Z   00403f20 f i CollisionUtils.obj
 0001:00002f50       ?CrossProduct@@YAXABVVector@@0AAV1@@Z 00403f50 f i CollisionUtils.obj
 0001:00002f90       ?DotProductAbs@@YAMABVVector@@0@Z 00403f90 f i CollisionUtils.obj
 0001:00003000       ?Length@Vector@@QBEMXZ     00404000 f i CollisionUtils.obj
 0001:00003030       ?VectorAbs@@YAXABVVector@@AAV1@@Z 00404030 f i CollisionUtils.obj
 0001:00003090       ??GVector@@QBE?AV0@ABV0@@Z 00404090 f i CollisionUtils.obj
 0001:000030c0       ?Cross@Vector@@QBE?AV1@ABV1@@Z 004040c0 f i CollisionUtils.obj
 0001:00003100       ??8QAngle@@QBE_NABV0@@Z    00404100 f i CollisionUtils.obj
 0001:00003140       ?VectorNormalize@@YAMAAVVector@@@Z 00404140 f i CollisionUtils.obj
 0001:00003150       ??0matrix3x4_t@@QAE@XZ     00404150 f i CollisionUtils.obj
 0001:00003160       ??Amatrix3x4_t@@QAEPAMH@Z  00404160 f i CollisionUtils.obj
 0001:00003170       ??Amatrix3x4_t@@QBEPBMH@Z  00404170 f i CollisionUtils.obj
 0001:00003180       ?DotProduct@@YAMPBM0@Z     00404180 f i CollisionUtils.obj
 0001:000031b0       ?VectorCopy@@YAXPBMPAM@Z   004041b0 f i CollisionUtils.obj
 0001:000031d0       ?InvRSquared@@YAMPBM@Z     004041d0 f i CollisionUtils.obj
 0001:000031e0       ?InvRSquared@@YAMABVVector@@@Z 004041e0 f i CollisionUtils.obj
 0001:000031f0       ?MatrixRowDotProduct@@YAMABUmatrix3x4_t@@HABVVector@@@Z 004041f0 f i CollisionUtils.obj
 0001:00003220       ?MatrixColumnDotProduct@@YAMABUmatrix3x4_t@@HABVVector@@@Z 00404220 f i CollisionUtils.obj
 0001:00003250       ?VectorRotate@@YAXABVVector@@ABUmatrix3x4_t@@AAV1@@Z 00404250 f i CollisionUtils.obj
 0001:00003260       ?VectorIRotate@@YAXABVVector@@ABUmatrix3x4_t@@AAV1@@Z 00404260 f i CollisionUtils.obj
 0001:00003270       ?VectorTransform@@YAXABVVector@@ABUmatrix3x4_t@@AAV1@@Z 00404270 f i CollisionUtils.obj
 0001:00003280       ?VectorITransform@@YAXABVVector@@ABUmatrix3x4_t@@AAV1@@Z 00404280 f i CollisionUtils.obj
 0001:00003290       ?BoxOnPlaneSide@@YAHABVVector@@0PBUcplane_t@@@Z 00404290 f i CollisionUtils.obj
 0001:000032a0       ?MatrixITransformPlane@@YAXABUmatrix3x4_t@@ABUcplane_t@@AAU2@@Z 004042a0 f i CollisionUtils.obj
 0001:00003330       ??0cplane_t@@QAE@XZ        00404330 f i CollisionUtils.obj
 0001:00003340       ?AsVector3D@Vector4D@@QBEABVVector@@XZ 00404340 f i CollisionUtils.obj
 0001:00003440       ?IntersectRayWithTriangle@@YAMABURay_t@@ABVVector@@11_N@Z 00404440 f   CollisionUtils.obj
 0001:00003720       ?ComputeIntersectionBarycentricCoordinates@@YA_NABURay_t@@ABVVector@@11AAM2PAM@Z 00404720 f   CollisionUtils.obj
 0001:00003940       ?IntersectTriangleWithPlaneBarycentric@@YAHABVVector@@00ABVVector4D@@PAVVector2D@@@Z 00404940 f   CollisionUtils.obj
 0001:00003ad0       ?IsSphereIntersectingSphere@@YA_NABVVector@@M0M@Z 00404ad0 f   CollisionUtils.obj
 0001:00003b50       ?IsBoxIntersectingSphere@@YA_NABVVector@@00M@Z 00404b50 f   CollisionUtils.obj
 0001:00003c30       ?IsBoxIntersectingSphereExtents@@YA_NABVVector@@00M@Z 00404c30 f   CollisionUtils.obj
 0001:00003d20       ?IsCircleIntersectingRectangle@@YA_NABVVector2D@@00M@Z 00404d20 f   CollisionUtils.obj
 0001:00003dd0       ?IntersectInfiniteRayWithSphere@@YA_NABVVector@@00MPAM1@Z 00404dd0 f   CollisionUtils.obj
 0001:00003f60       ?IntersectRayWithSphere@@YA_NABVVector@@00MPAM1@Z 00404f60 f   CollisionUtils.obj
 0001:00003fe0       ?IsPointInBox@@YA_NABVVector@@00@Z 00404fe0 f   CollisionUtils.obj
 0001:00004050       ?IsPointInCone@@YA_NABVVector@@00MM@Z 00405050 f   CollisionUtils.obj
 0001:000040e0       ?IsBoxIntersectingBox@@YA_NABVVector@@000@Z 004050e0 f   CollisionUtils.obj
 0001:00004160       ?IsBoxIntersectingBoxExtents@@YA_NABVVector@@000@Z 00405160 f   CollisionUtils.obj
 0001:00004230       ?IsBoxIntersectingRay@@YI_NABVVector@@000M@Z 00405230 f   CollisionUtils.obj
 0001:000043a0       ?IsBoxIntersectingRay@@YI_NABVVector@@0000M@Z 004053a0 f   CollisionUtils.obj
 0001:00004500       ?IsBoxIntersectingRay@@YI_NABVVector@@0ABURay_t@@M@Z 00405500 f   CollisionUtils.obj
 0001:00004610       ?IntersectRayWithRay@@YA_NABURay_t@@0AAM1@Z 00405610 f   CollisionUtils.obj
 0001:00004920       ?IntersectRayWithPlane@@YAMABURay_t@@ABUcplane_t@@@Z 00405920 f   CollisionUtils.obj
 0001:00004990       ?IntersectRayWithPlane@@YAMABVVector@@0ABUcplane_t@@@Z 00405990 f   CollisionUtils.obj
 0001:00004a10       ?IntersectRayWithPlane@@YAMABVVector@@00M@Z 00405a10 f   CollisionUtils.obj
 0001:00004a90       ?IntersectRayWithAAPlane@@YAMABVVector@@0HMM@Z 00405a90 f   CollisionUtils.obj
 0001:00004af0       ?IntersectRayWithBox@@YA_NABVVector@@000MPAUBoxTraceInfo_t@@@Z 00405af0 f   CollisionUtils.obj
 0001:00004ca0       ?IntersectRayWithBox@@YA_NABVVector@@000MPAVCBaseTrace@@@Z 00405ca0 f   CollisionUtils.obj
 0001:00004e50       ?IntersectRayWithBox@@YA_NABURay_t@@ABVVector@@1MPAVCBaseTrace@@@Z 00405e50 f   CollisionUtils.obj
 0001:00004f40       ?IntersectRayWithOBB@@YA_NABVVector@@0ABUmatrix3x4_t@@00MPAUBoxTraceInfo_t@@@Z 00405f40 f   CollisionUtils.obj
 0001:00004fa0       ?ComputeSupportMap@@YAXABVVector@@00QAM@Z 00405fa0 f i CollisionUtils.obj
 0001:00005050       ?ComputeSupportMap@@YAXABVVector@@HH00QAM@Z 00406050 f i CollisionUtils.obj
 0001:000050e0       ?GetNonMajorAxes@@YAXABVVector@@AAVVector2D@@@Z 004060e0 f   CollisionUtils.obj
 0001:000051c0       ??0Ray_t@@QAE@XZ           004061c0 f i CollisionUtils.obj
 0001:000051d0       ?ResolveQuadratic@@YAXNNVVector@@00000HAAN1@Z 004061d0 f   CollisionUtils.obj
 0001:00005450       ?PointInQuadFromBarycentric@@YAXABVVector@@000ABVVector2D@@AAV1@@Z 00406450 f   CollisionUtils.obj
 0001:00005530       ?TexCoordInQuadFromBarycentric@@YAXABVVector2D@@0000AAV1@@Z 00406530 f   CollisionUtils.obj
 0001:000055e0       ?ComputePointFromBarycentric@@YAXABVVector@@00MMAAV1@@Z 004065e0 f   CollisionUtils.obj
 0001:00005660       ?ComputePointFromBarycentric@@YAXABVVector2D@@00MMAAV1@@Z 00406660 f   CollisionUtils.obj
 0001:00006140       ?ComputeSeparatingPlane@@YA_NABVVector@@ABVQAngle@@000100MPAUcplane_t@@@Z 00407140 f   CollisionUtils.obj
 0001:00006260       ?IsRayIntersectingOBB@@YA_NABURay_t@@ABVVector@@ABVQAngle@@11@Z 00407260 f   CollisionUtils.obj
 0001:000067f0       ?FindMinMax@@YAXMMMAAM0@Z  004077f0 f i CollisionUtils.obj
 0001:00006850       ?AxisTestEdgeCrossX2@@YA_NMMMMABVVector@@00M@Z 00407850 f i CollisionUtils.obj
 0001:00006900       ?AxisTestEdgeCrossX3@@YA_NMMMMABVVector@@00M@Z 00407900 f i CollisionUtils.obj
 0001:000069b0       ?AxisTestEdgeCrossY2@@YA_NMMMMABVVector@@00M@Z 004079b0 f i CollisionUtils.obj
 0001:00006a60       ?AxisTestEdgeCrossY3@@YA_NMMMMABVVector@@00M@Z 00407a60 f i CollisionUtils.obj
 0001:00006b10       ?AxisTestEdgeCrossZ1@@YA_NMMMMABVVector@@00M@Z 00407b10 f i CollisionUtils.obj
 0001:00006bc0       ?AxisTestEdgeCrossZ2@@YA_NMMMMABVVector@@00M@Z 00407bc0 f i CollisionUtils.obj
 0001:00006c70       ?IsBoxIntersectingTriangle@@YA_NABVVector@@0000ABUcplane_t@@M@Z 00407c70 f   CollisionUtils.obj
 0001:00007240       ?DistToSqr@Vector@@QBEMABV1@@Z 00408240 f i CollisionUtils.obj
 0001:00007290       ??0CBaseTrace@@QAE@XZ      00408290 f i CollisionUtils.obj
 0001:000072a0       ??0CGameTrace@@QAE@XZ      004082a0 f i CollisionUtils.obj
 0001:000072b0       ?IsRayIntersectingSphere@@YA_NABVVector@@00MM@Z 004082b0 f   CollisionUtils.obj
 0001:000073d0       ?IsOBBIntersectingOBB@@YA_NABVVector@@ABVQAngle@@000100M@Z 004083d0 f   CollisionUtils.obj
 0001:00007420       ?IntersectRayWithOBB@@YA_NABVVector@@0ABUmatrix3x4_t@@00MPAVCBaseTrace@@@Z 00408420 f   CollisionUtils.obj
 0001:00007800       ?IntersectRayWithOBB@@YA_NABVVector@@00ABVQAngle@@00MPAVCBaseTrace@@@Z 00408800 f   CollisionUtils.obj
 0001:00007900       ?IntersectRayWithOBB@@YA_NABURay_t@@ABUmatrix3x4_t@@ABVVector@@2MPAVCBaseTrace@@@Z 00408900 f   CollisionUtils.obj
 0001:000081b0       ?IntersectRayWithOBB@@YA_NABURay_t@@ABVVector@@ABVQAngle@@11MPAVCBaseTrace@@@Z 004091b0 f   CollisionUtils.obj
 0001:000082e0       ?QuadWithParallelEdges@@YA?AW4QuadBarycentricRetval_t@@ABVVector@@0M0M0AAVVector2D@@@Z 004092e0 f   CollisionUtils.obj
 0001:000084c0       ?PointInQuadToBarycentric@@YA?AW4QuadBarycentricRetval_t@@ABVVector@@0000AAVVector2D@@@Z 004094c0 f   CollisionUtils.obj
 0001:00008ce0       ?SplitBrush2@@YAXPAUbspbrush_t@@HPAPAU1@1@Z 00409ce0 f   csg.obj
 0001:00008cf0       ?SubtractBrush@@YAPAUbspbrush_t@@PAU1@0@Z 00409cf0 f   csg.obj
 0001:00008da0       ?IntersectBrush@@YAPAUbspbrush_t@@PAU1@0@Z 00409da0 f   csg.obj
 0001:00008e20       ?BrushesDisjoint@@YAHPAUbspbrush_t@@0@Z 00409e20 f   csg.obj
 0001:00008ed0       ?ClipBrushToBox@@YAPAUbspbrush_t@@PAU1@ABVVector@@1@Z 00409ed0 f   csg.obj
 0001:000091c0       ?MakeBspBrushList@@YAPAUbspbrush_t@@HHABVVector@@0H@Z 0040a1c0 f   csg.obj
 0001:00009250       ?MakeBspBrushList@@YAPAUbspbrush_t@@PAPAUmapbrush_t@@HABVVector@@1@Z 0040a250 f   csg.obj
 0001:000092c0       ?AddBrushListToTail@@YAPAUbspbrush_t@@PAU1@0@Z 0040a2c0 f   csg.obj
 0001:000092f0       ?CullList@@YAPAUbspbrush_t@@PAU1@0@Z 0040a2f0 f   csg.obj
 0001:00009330       ?PrintBrushContentsToString@@YAXHPADH@Z 0040a330 f   csg.obj
 0001:000095c0       ?PrintBrushContents@@YAXH@Z 0040a5c0 f   csg.obj
 0001:00009600       ?BrushGE@@YAHPAUbspbrush_t@@0@Z 0040a600 f   csg.obj
 0001:00009650       ?ChopBrushes@@YAPAUbspbrush_t@@PAU1@@Z 0040a650 f   csg.obj
 0001:00009990       ?Base@?$CUtlMemory@Utexinfo_s@@@@QAEPAUtexinfo_s@@XZ 0040a990 f i csg.obj
 0001:000099a0       ?Base@?$CUtlVector@Utexinfo_s@@V?$CUtlMemory@Utexinfo_s@@@@@@QAEPAUtexinfo_s@@XZ 0040a9a0 f i csg.obj
 0001:000099b0       ??A?$CUtlVector@Utexinfo_s@@V?$CUtlMemory@Utexinfo_s@@@@@@QAEAAUtexinfo_s@@H@Z 0040a9b0 f i csg.obj
 0001:000099c0       ?CopyMatchingTexinfos@@YAXPAUside_t@@HPBUbspbrush_t@@@Z 0040a9c0 f   csg.obj
 0001:00009b00       ?FixupAreaportalWaterBrushes@@YAXPAUbspbrush_t@@@Z 0040ab00 f   csg.obj
 0001:00009ba0       ?WriteBrushMap@@YAXPADPAUbspbrush_t@@@Z 0040aba0 f   csg.obj
 0001:00009d60       ?V_stricmp@@YAHPBD0@Z      0040ad60 f i cubemap.obj
 0001:00009d70       ?V_strlower@@YAPADPAD@Z    0040ad70 f i cubemap.obj
 0001:00009d80       ?VectorScale@@YAXABVVector@@MAAV1@@Z 0040ad80 f i cubemap.obj
 0001:00009db0       ?NormalizeInPlace@Vector@@QAEMXZ 0040adb0 f i cubemap.obj
 0001:00009dc0       ??0MaterialPatchInfo_t@@QAE@XZ 0040adc0 f i cubemap.obj
 0001:00009dd0       ?TellPut@CUtlBuffer@@QBEHXZ 0040add0 f i cubemap.obj
 0001:00009e00       ?SideHasCubemapAndWasntManuallyReferenced@@YA_NH@Z 0040ae00 f i cubemap.obj
 0001:00009e30       ?Cubemap_InsertSample@@YAXABVVector@@H@Z 0040ae30 f   cubemap.obj
 0001:00009fa0       ?VTFNameToHDRVTFName@@YAXPBDPADH_N@Z 0040afa0 f   cubemap.obj
 0001:00009ff0       ?GeneratePatchedName@@YAXPBDABUPatchInfo_t@@_NPADH@Z 0040aff0 f i cubemap.obj
 0001:0000a2a0       ?Cubemap_ResetCubemapSideData@@YAXXZ 0040b2a0 f   cubemap.obj
 0001:0000a2c0       ?DoesMaterialOrDependentsUseEnvmap@@YA_NPBD@Z 0040b2c0 f   cubemap.obj
 0001:0000a310       ?Cubemap_FindClosestCubemap@@YAHABVVector@@PAUside_t@@@Z 0040b310 f   cubemap.obj
 0001:0000a630       ?Cubemap_ClearUnusedTexInfos@@YAXXZ 0040b630 f   cubemap.obj
 0001:0000a640       ?Base@?$CUtlMemory@E@@QAEPAEXZ 0040b640 f i cubemap.obj
 0001:0000a650       ?IsExternallyAllocated@?$CUtlMemory@E@@QBE_NXZ 0040b650 f i cubemap.obj
 0001:0000a660       ?Count@?$CUtlVector@PADV?$CUtlMemory@PAD@@@@QBEHXZ 0040b660 f i cubemap.obj
 0001:0000a670       ?InvalidIndex@?$CUtlRBTree@UCubemapInfo_t@@GP6A_NABU1@0@Z@@SAGXZ 0040b670 f i cubemap.obj
 0001:0000a680       ?Base@?$CUtlMemory@V?$CUtlVector@HV?$CUtlMemory@H@@@@@@QAEPAV?$CUtlVector@HV?$CUtlMemory@H@@@@XZ 0040b680 f i cubemap.obj
 0001:0000a690       ?Base@?$CUtlMemory@PAD@@QAEPAPADXZ 0040b690 f i cubemap.obj
 0001:0000a6a0       ?Base@?$CUtlMemory@UNode_t@?$CUtlRBTree@UCubemapInfo_t@@GP6A_NABU1@0@Z@@@@QAEPAUNode_t@?$CUtlRBTree@UCubemapInfo_t@@GP6A_NABU1@0@Z@@XZ 0040b6a0 f i cubemap.obj
 0001:0000a6b0       ??$CopyConstruct@UCubemapInfo_t@@@@YAXPAUCubemapInfo_t@@ABU0@@Z 0040b6b0 f i cubemap.obj
 0001:0000a6d0       ?Base@?$CUtlMemory@UentitySideList_t@@@@QAEPAUentitySideList_t@@XZ 0040b6d0 f i cubemap.obj
 0001:0000a6e0       ?ValidateGrowSize@?$CUtlMemory@V?$CUtlVector@HV?$CUtlMemory@H@@@@@@IAEXXZ 0040b6e0 f i cubemap.obj
 0001:0000a6f0       ?ValidateGrowSize@?$CUtlMemory@PAD@@IAEXXZ 0040b6f0 f i cubemap.obj
 0001:0000a700       ?ValidateGrowSize@?$CUtlMemory@UNode_t@?$CUtlRBTree@UCubemapInfo_t@@GP6A_NABU1@0@Z@@@@IAEXXZ 0040b700 f i cubemap.obj
 0001:0000a710       ?ValidateGrowSize@?$CUtlMemory@UentitySideList_t@@@@IAEXXZ 0040b710 f i cubemap.obj
 0001:0000a720       ??$CopyConstruct@Utexinfo_s@@@@YAXPAUtexinfo_s@@ABU0@@Z 0040b720 f i cubemap.obj
 0001:0000a740       ??$CopyConstruct@H@@YAXPAHABH@Z 0040b740 f i cubemap.obj
 0001:0000a760       ??$Construct@PAD@@YAXPAPAD@Z 0040b760 f i cubemap.obj
 0001:0000a770       ??A?$CUtlMemory@UNode_t@?$CUtlRBTree@UCubemapInfo_t@@GP6A_NABU1@0@Z@@@@QBEABUNode_t@?$CUtlRBTree@UCubemapInfo_t@@GP6A_NABU1@0@Z@@H@Z 0040b770 f i cubemap.obj
 0001:0000a780       ??A?$CUtlMemory@UNode_t@?$CUtlRBTree@UCubemapInfo_t@@GP6A_NABU1@0@Z@@@@QAEAAUNode_t@?$CUtlRBTree@UCubemapInfo_t@@GP6A_NABU1@0@Z@@H@Z 0040b780 f i cubemap.obj
 0001:0000a790       ??$Destruct@UCubemapInfo_t@@@@YAXPAUCubemapInfo_t@@@Z 0040b790 f i cubemap.obj
 0001:0000a7a0       ??$Destruct@UentitySideList_t@@@@YAXPAUentitySideList_t@@@Z 0040b7a0 f i cubemap.obj
 0001:0000a7b0       ?NumAllocated@?$CUtlMemory@Utexinfo_s@@@@QBEHXZ 0040b7b0 f i cubemap.obj
 0001:0000a7c0       ?NumAllocated@?$CUtlMemory@V?$CUtlVector@HV?$CUtlMemory@H@@@@@@QBEHXZ 0040b7c0 f i cubemap.obj
 0001:0000a7d0       ?IsExternallyAllocated@?$CUtlMemory@V?$CUtlVector@HV?$CUtlMemory@H@@@@@@QBE_NXZ 0040b7d0 f i cubemap.obj
 0001:0000a7e0       ??$Destruct@PAD@@YAXPAPAD@Z 0040b7e0 f i cubemap.obj
 0001:0000a7f0       ?NumAllocated@?$CUtlMemory@PAD@@QBEHXZ 0040b7f0 f i cubemap.obj
 0001:0000a800       ?IsExternallyAllocated@?$CUtlMemory@PAD@@QBE_NXZ 0040b800 f i cubemap.obj
 0001:0000a810       ?Links@?$CUtlRBTree@UCubemapInfo_t@@GP6A_NABU1@0@Z@@IAEAAULinks_t@1@G@Z 0040b810 f i cubemap.obj
 0001:0000a820       ?IsIdxValid@?$CUtlMemory@UNode_t@?$CUtlRBTree@UCubemapInfo_t@@GP6A_NABU1@0@Z@@@@QBE_NH@Z 0040b820 f i cubemap.obj
 0001:0000a840       ?NumAllocated@?$CUtlMemory@UNode_t@?$CUtlRBTree@UCubemapInfo_t@@GP6A_NABU1@0@Z@@@@QBEHXZ 0040b840 f i cubemap.obj
 0001:0000a850       ?IsExternallyAllocated@?$CUtlMemory@UNode_t@?$CUtlRBTree@UCubemapInfo_t@@GP6A_NABU1@0@Z@@@@QBE_NXZ 0040b850 f i cubemap.obj
 0001:0000a860       ??$Construct@UCubemapInfo_t@@@@YAXPAUCubemapInfo_t@@@Z 0040b860 f i cubemap.obj
 0001:0000a870       ??$Construct@UentitySideList_t@@@@YAXPAUentitySideList_t@@@Z 0040b870 f i cubemap.obj
 0001:0000a880       ?IsExternallyAllocated@?$CUtlMemory@UentitySideList_t@@@@QBE_NXZ 0040b880 f i cubemap.obj
 0001:0000a890       ?IsExternallyAllocated@?$CUtlMemory@Utexinfo_s@@@@QBE_NXZ 0040b890 f i cubemap.obj
 0001:0000a8a0       ?IsRoot@?$CUtlRBTree@UCubemapInfo_t@@GP6A_NABU1@0@Z@@QBE_NG@Z 0040b8a0 f i cubemap.obj
 0001:0000a8c0       ?SetColor@?$CUtlRBTree@UCubemapInfo_t@@GP6A_NABU1@0@Z@@IAEXGW4NodeColor_t@1@@Z 0040b8c0 f i cubemap.obj
 0001:0000a8e0       ?NumAllocated@?$CUtlMemory@UentitySideList_t@@@@QBEHXZ 0040b8e0 f i cubemap.obj
 0001:0000a8f0       ?Grow@?$CUtlMemory@UentitySideList_t@@@@QAEXH@Z 0040b8f0 f i cubemap.obj
 0001:0000a960       ?ValidateGrowSize@?$CUtlMemory@H@@IAEXXZ 0040b960 f i cubemap.obj
 0001:0000a970       ?Purge@?$CUtlMemory@H@@QAEXXZ 0040b970 f i cubemap.obj
 0001:0000a9a0       ?SetParent@?$CUtlRBTree@UCubemapInfo_t@@GP6A_NABU1@0@Z@@IAEXGG@Z 0040b9a0 f i cubemap.obj
 0001:0000a9c0       ?SetLeftChild@?$CUtlRBTree@UCubemapInfo_t@@GP6A_NABU1@0@Z@@IAEXGG@Z 0040b9c0 f i cubemap.obj
 0001:0000a9e0       ?SetRightChild@?$CUtlRBTree@UCubemapInfo_t@@GP6A_NABU1@0@Z@@IAEXGG@Z 0040b9e0 f i cubemap.obj
 0001:0000aa00       ?Base@CUtlBuffer@@QAEPAXXZ 0040ba00 f i cubemap.obj
 0001:0000aa10       ?Purge@?$CUtlMemory@E@@QAEXXZ 0040ba10 f i cubemap.obj
 0001:0000aa40       ?Base@?$CUtlVector@V?$CUtlVector@HV?$CUtlMemory@H@@@@V?$CUtlMemory@V?$CUtlVector@HV?$CUtlMemory@H@@@@@@@@QAEPAV?$CUtlVector@HV?$CUtlMemory@H@@@@XZ 0040ba40 f i cubemap.obj
 0001:0000aa50       ?ResetDbgInfo@?$CUtlVector@V?$CUtlVector@HV?$CUtlMemory@H@@@@V?$CUtlMemory@V?$CUtlVector@HV?$CUtlMemory@H@@@@@@@@IAEXXZ 0040ba50 f i cubemap.obj
 0001:0000aa60       ?Base@?$CUtlVector@PADV?$CUtlMemory@PAD@@@@QAEPAPADXZ 0040ba60 f i cubemap.obj
 0001:0000aa70       ?ResetDbgInfo@?$CUtlVector@PADV?$CUtlMemory@PAD@@@@IAEXXZ 0040ba70 f i cubemap.obj
 0001:0000aa80       ?ResetDbgInfo@?$CUtlRBTree@UCubemapInfo_t@@GP6A_NABU1@0@Z@@IAEXXZ 0040ba80 f i cubemap.obj
 0001:0000aa90       ?Base@?$CUtlVector@UentitySideList_t@@V?$CUtlMemory@UentitySideList_t@@@@@@QAEPAUentitySideList_t@@XZ 0040ba90 f i cubemap.obj
 0001:0000aaa0       ?ResetDbgInfo@?$CUtlVector@UentitySideList_t@@V?$CUtlMemory@UentitySideList_t@@@@@@IAEXXZ 0040baa0 f i cubemap.obj
 0001:0000aab0       ??0?$CUtlMemory@V?$CUtlVector@HV?$CUtlMemory@H@@@@@@QAE@HH@Z 0040bab0 f i cubemap.obj
 0001:0000aaf0       ??0?$CUtlMemory@PAD@@QAE@HH@Z 0040baf0 f i cubemap.obj
 0001:0000ab30       ?Element@?$CUtlRBTree@UCubemapInfo_t@@GP6A_NABU1@0@Z@@QBEABUCubemapInfo_t@@G@Z 0040bb30 f i cubemap.obj
 0001:0000ab50       ?Element@?$CUtlRBTree@UCubemapInfo_t@@GP6A_NABU1@0@Z@@QAEAAUCubemapInfo_t@@G@Z 0040bb50 f i cubemap.obj
 0001:0000ab70       ??0?$CUtlMemory@UNode_t@?$CUtlRBTree@UCubemapInfo_t@@GP6A_NABU1@0@Z@@@@QAE@HH@Z 0040bb70 f i cubemap.obj
 0001:0000abb0       ??0?$CUtlMemory@UentitySideList_t@@@@QAE@HH@Z 0040bbb0 f i cubemap.obj
 0001:0000abf0       ?Element@?$CUtlVector@Utexinfo_s@@V?$CUtlMemory@Utexinfo_s@@@@@@QAEAAUtexinfo_s@@H@Z 0040bbf0 f i cubemap.obj
 0001:0000ac00       ?ShiftElementsRight@?$CUtlVector@Utexinfo_s@@V?$CUtlMemory@Utexinfo_s@@@@@@IAEXHH@Z 0040bc00 f i cubemap.obj
 0001:0000ac50       ?Element@?$CUtlVector@V?$CUtlVector@HV?$CUtlMemory@H@@@@V?$CUtlMemory@V?$CUtlVector@HV?$CUtlMemory@H@@@@@@@@QAEAAV?$CUtlVector@HV?$CUtlMemory@H@@@@H@Z 0040bc50 f i cubemap.obj
 0001:0000ac60       ?ShiftElementsRight@?$CUtlVector@V?$CUtlVector@HV?$CUtlMemory@H@@@@V?$CUtlMemory@V?$CUtlVector@HV?$CUtlMemory@H@@@@@@@@IAEXHH@Z 0040bc60 f i cubemap.obj
 0001:0000aca0       ?Purge@?$CUtlMemory@V?$CUtlVector@HV?$CUtlMemory@H@@@@@@QAEXXZ 0040bca0 f i cubemap.obj
 0001:0000acd0       ?Element@?$CUtlVector@PADV?$CUtlMemory@PAD@@@@QAEAAPADH@Z 0040bcd0 f i cubemap.obj
 0001:0000ace0       ?RemoveAll@?$CUtlVector@PADV?$CUtlMemory@PAD@@@@QAEXXZ 0040bce0 f i cubemap.obj
 0001:0000acf0       ?ShiftElementsRight@?$CUtlVector@PADV?$CUtlMemory@PAD@@@@IAEXHH@Z 0040bcf0 f i cubemap.obj
 0001:0000ad30       ?Purge@?$CUtlMemory@PAD@@QAEXXZ 0040bd30 f i cubemap.obj
 0001:0000ad60       ?Links@?$CUtlRBTree@UCubemapInfo_t@@GP6A_NABU1@0@Z@@IBEABULinks_t@1@G@Z 0040bd60 f i cubemap.obj
 0001:0000adc0       ?Purge@?$CUtlMemory@UNode_t@?$CUtlRBTree@UCubemapInfo_t@@GP6A_NABU1@0@Z@@@@QAEXXZ 0040bdc0 f i cubemap.obj
 0001:0000adf0       ?Element@?$CUtlVector@UentitySideList_t@@V?$CUtlMemory@UentitySideList_t@@@@@@QAEAAUentitySideList_t@@H@Z 0040bdf0 f i cubemap.obj
 0001:0000ae00       ?Purge@?$CUtlMemory@UentitySideList_t@@@@QAEXXZ 0040be00 f i cubemap.obj
 0001:0000ae30       ?ResetDbgInfo@?$CUtlVector@Utexinfo_s@@V?$CUtlMemory@Utexinfo_s@@@@@@IAEXXZ 0040be30 f i cubemap.obj
 0001:0000ae40       ?Grow@?$CUtlMemory@Utexinfo_s@@@@QAEXH@Z 0040be40 f i cubemap.obj
 0001:0000aec0       ?Grow@?$CUtlMemory@V?$CUtlVector@HV?$CUtlMemory@H@@@@@@QAEXH@Z 0040bec0 f i cubemap.obj
 0001:0000af30       ?Grow@?$CUtlMemory@PAD@@QAEXH@Z 0040bf30 f i cubemap.obj
 0001:0000afa0       ?Grow@?$CUtlMemory@UNode_t@?$CUtlRBTree@UCubemapInfo_t@@GP6A_NABU1@0@Z@@@@QAEXH@Z 0040bfa0 f i cubemap.obj
 0001:0000b010       ?GrowVector@?$CUtlVector@UentitySideList_t@@V?$CUtlMemory@UentitySideList_t@@@@@@IAEXH@Z 0040c010 f i cubemap.obj
 0001:0000b040       ?ShiftElementsRight@?$CUtlVector@UentitySideList_t@@V?$CUtlMemory@UentitySideList_t@@@@@@IAEXHH@Z 0040c040 f i cubemap.obj
 0001:0000b080       ??0?$CUtlMemory@H@@QAE@HH@Z 0040c080 f i cubemap.obj
 0001:0000b0c0       ??1?$CUtlMemory@H@@QAE@XZ  0040c0c0 f i cubemap.obj
 0001:0000b0f0       ?Parent@?$CUtlRBTree@UCubemapInfo_t@@GP6A_NABU1@0@Z@@QBEGG@Z 0040c0f0 f i cubemap.obj
 0001:0000b110       ?IsRed@?$CUtlRBTree@UCubemapInfo_t@@GP6A_NABU1@0@Z@@IBE_NG@Z 0040c110 f i cubemap.obj
 0001:0000b130       ?Color@?$CUtlRBTree@UCubemapInfo_t@@GP6A_NABU1@0@Z@@IBE?AW4NodeColor_t@1@G@Z 0040c130 f i cubemap.obj
 0001:0000b150       ??1?$CUtlMemory@E@@QAE@XZ  0040c150 f i cubemap.obj
 0001:0000b180       ??A?$CUtlVector@V?$CUtlVector@HV?$CUtlMemory@H@@@@V?$CUtlMemory@V?$CUtlVector@HV?$CUtlMemory@H@@@@@@@@QAEAAV?$CUtlVector@HV?$CUtlMemory@H@@@@H@Z 0040c180 f i cubemap.obj
 0001:0000b190       ??A?$CUtlVector@PADV?$CUtlMemory@PAD@@@@QAEAAPADH@Z 0040c190 f i cubemap.obj
 0001:0000b1a0       ??A?$CUtlRBTree@UCubemapInfo_t@@GP6A_NABU1@0@Z@@QAEAAUCubemapInfo_t@@G@Z 0040c1a0 f i cubemap.obj
 0001:0000b1c0       ??A?$CUtlVector@UentitySideList_t@@V?$CUtlMemory@UentitySideList_t@@@@@@QAEAAUentitySideList_t@@H@Z 0040c1c0 f i cubemap.obj
 0001:0000b1d0       ??1?$CUtlMemory@V?$CUtlVector@HV?$CUtlMemory@H@@@@@@QAE@XZ 0040c1d0 f i cubemap.obj
 0001:0000b200       ?Purge@?$CUtlVector@PADV?$CUtlMemory@PAD@@@@QAEXXZ 0040c200 f i cubemap.obj
 0001:0000b250       ??1?$CUtlMemory@PAD@@QAE@XZ 0040c250 f i cubemap.obj
 0001:0000b280       ?LeftChild@?$CUtlRBTree@UCubemapInfo_t@@GP6A_NABU1@0@Z@@QBEGG@Z 0040c280 f i cubemap.obj
 0001:0000b290       ?RightChild@?$CUtlRBTree@UCubemapInfo_t@@GP6A_NABU1@0@Z@@QBEGG@Z 0040c290 f i cubemap.obj
 0001:0000b2b0       ?FindInsertionPosition@?$CUtlRBTree@UCubemapInfo_t@@GP6A_NABU1@0@Z@@IAEXABUCubemapInfo_t@@AAGAA_N@Z 0040c2b0 f i cubemap.obj
 0001:0000b3c0       ??1?$CUtlMemory@UNode_t@?$CUtlRBTree@UCubemapInfo_t@@GP6A_NABU1@0@Z@@@@QAE@XZ 0040c3c0 f i cubemap.obj
 0001:0000b3f0       ?RemoveAll@?$CUtlVector@UentitySideList_t@@V?$CUtlMemory@UentitySideList_t@@@@@@QAEXXZ 0040c3f0 f i cubemap.obj
 0001:0000b400       ?Purge@?$CUtlVector@UentitySideList_t@@V?$CUtlMemory@UentitySideList_t@@@@@@QAEXXZ 0040c400 f i cubemap.obj
 0001:0000b450       ??1?$CUtlMemory@UentitySideList_t@@@@QAE@XZ 0040c450 f i cubemap.obj
 0001:0000b480       ?GrowVector@?$CUtlVector@Utexinfo_s@@V?$CUtlMemory@Utexinfo_s@@@@@@IAEXH@Z 0040c480 f i cubemap.obj
 0001:0000b4b0       ?GrowVector@?$CUtlVector@V?$CUtlVector@HV?$CUtlMemory@H@@@@V?$CUtlMemory@V?$CUtlVector@HV?$CUtlMemory@H@@@@@@@@IAEXH@Z 0040c4b0 f i cubemap.obj
 0001:0000b4e0       ?GrowVector@?$CUtlVector@PADV?$CUtlMemory@PAD@@@@IAEXH@Z 0040c4e0 f i cubemap.obj
 0001:0000b510       ?IsValidIndex@?$CUtlRBTree@UCubemapInfo_t@@GP6A_NABU1@0@Z@@QBE_NG@Z 0040c510 f i cubemap.obj
 0001:0000b540       ?NewNode@?$CUtlRBTree@UCubemapInfo_t@@GP6A_NABU1@0@Z@@QAEGXZ 0040c540 f i cubemap.obj
 0001:0000b5a0       ?InsertMultipleBefore@?$CUtlVector@UentitySideList_t@@V?$CUtlMemory@UentitySideList_t@@@@@@QAEHHHPBUentitySideList_t@@@Z 0040c5a0 f i cubemap.obj
 0001:0000b640       ??0?$CUtlVector@HV?$CUtlMemory@H@@@@QAE@HH@Z 0040c640 f i cubemap.obj
 0001:0000b690       ?IsLeftChild@?$CUtlRBTree@UCubemapInfo_t@@GP6A_NABU1@0@Z@@QBE_NG@Z 0040c690 f i cubemap.obj
 0001:0000b6c0       ?IsRightChild@?$CUtlRBTree@UCubemapInfo_t@@GP6A_NABU1@0@Z@@QBE_NG@Z 0040c6c0 f i cubemap.obj
 0001:0000b6f0       ?RotateLeft@?$CUtlRBTree@UCubemapInfo_t@@GP6A_NABU1@0@Z@@IAEXG@Z 0040c6f0 f i cubemap.obj
 0001:0000b7e0       ?RotateRight@?$CUtlRBTree@UCubemapInfo_t@@GP6A_NABU1@0@Z@@IAEXG@Z 0040c7e0 f i cubemap.obj
 0001:0000b8e0       ?Purge@?$CUtlVector@HV?$CUtlMemory@H@@@@QAEXXZ 0040c8e0 f i cubemap.obj
 0001:0000b930       ??1CUtlBuffer@@QAE@XZ      0040c930 f i cubemap.obj
 0001:0000b960       ??0?$CUtlVector@V?$CUtlVector@HV?$CUtlMemory@H@@@@V?$CUtlMemory@V?$CUtlVector@HV?$CUtlMemory@H@@@@@@@@QAE@HH@Z 0040c960 f i cubemap.obj
 0001:0000b9b0       ??0?$CUtlVector@PADV?$CUtlMemory@PAD@@@@QAE@HH@Z 0040c9b0 f i cubemap.obj
 0001:0000ba00       ??1?$CUtlVector@PADV?$CUtlMemory@PAD@@@@QAE@XZ 0040ca00 f i cubemap.obj
 0001:0000ba70       ??0?$CUtlRBTree@UCubemapInfo_t@@GP6A_NABU1@0@Z@@QAE@HHABQ6A_NABUCubemapInfo_t@@0@Z@Z 0040ca70 f i cubemap.obj
 0001:0000bad0       ?Find@?$CUtlRBTree@UCubemapInfo_t@@GP6A_NABU1@0@Z@@QBEGABUCubemapInfo_t@@@Z 0040cad0 f i cubemap.obj
 0001:0000bbd0       ??0?$CUtlVector@UentitySideList_t@@V?$CUtlMemory@UentitySideList_t@@@@@@QAE@HH@Z 0040cbd0 f i cubemap.obj
 0001:0000bc20       ??1?$CUtlVector@UentitySideList_t@@V?$CUtlMemory@UentitySideList_t@@@@@@QAE@XZ 0040cc20 f i cubemap.obj
 0001:0000bc90       ?InsertBefore@?$CUtlVector@Utexinfo_s@@V?$CUtlMemory@Utexinfo_s@@@@@@QAEHHABUtexinfo_s@@@Z 0040cc90 f i cubemap.obj
 0001:0000bd10       ?InsertBefore@?$CUtlVector@HV?$CUtlMemory@H@@@@QAEHHABH@Z 0040cd10 f i cubemap.obj
 0001:0000bd80       ?InsertBefore@?$CUtlVector@PADV?$CUtlMemory@PAD@@@@QAEHH@Z 0040cd80 f i cubemap.obj
 0001:0000bde0       ?Purge@?$CUtlRBTree@UCubemapInfo_t@@GP6A_NABU1@0@Z@@QAEXXZ 0040cde0 f i cubemap.obj
 0001:0000be80       ?AddMultipleToTail@?$CUtlVector@UentitySideList_t@@V?$CUtlMemory@UentitySideList_t@@@@@@QAEHHPBUentitySideList_t@@@Z 0040ce80 f i cubemap.obj
 0001:0000bea0       ??$Construct@V?$CUtlVector@HV?$CUtlMemory@H@@@@@@YAXPAV?$CUtlVector@HV?$CUtlMemory@H@@@@@Z 0040cea0 f i cubemap.obj
 0001:0000bec0       ?InsertRebalance@?$CUtlRBTree@UCubemapInfo_t@@GP6A_NABU1@0@Z@@IAEXG@Z 0040cec0 f i cubemap.obj
 0001:0000c4a0       ??1?$CUtlVector@HV?$CUtlMemory@H@@@@QAE@XZ 0040d4a0 f i cubemap.obj
 0001:0000c7e0       ?CreateDefaultCubemaps@@YAX_N@Z 0040d7e0 f   cubemap.obj
 0001:0000cb90       ?Cubemap_CreateDefaultCubemaps@@YAXXZ 0040db90 f   cubemap.obj
 0001:0000cbb0       ?AddToTail@?$CUtlVector@Utexinfo_s@@V?$CUtlMemory@Utexinfo_s@@@@@@QAEHABUtexinfo_s@@@Z 0040dbb0 f i cubemap.obj
 0001:0000cbd0       ?AddToTail@?$CUtlVector@HV?$CUtlMemory@H@@@@QAEHABH@Z 0040dbd0 f i cubemap.obj
 0001:0000cbf0       ?AddToTail@?$CUtlVector@PADV?$CUtlMemory@PAD@@@@QAEHXZ 0040dbf0 f i cubemap.obj
 0001:0000cc00       ??1?$CUtlRBTree@UCubemapInfo_t@@GP6A_NABU1@0@Z@@QAE@XZ 0040dc00 f i cubemap.obj
 0001:0000cc40       ?SetCount@?$CUtlVector@UentitySideList_t@@V?$CUtlMemory@UentitySideList_t@@@@@@QAEXH@Z 0040dc40 f i cubemap.obj
 0001:0000cc60       ?InsertBefore@?$CUtlVector@V?$CUtlVector@HV?$CUtlMemory@H@@@@V?$CUtlMemory@V?$CUtlVector@HV?$CUtlMemory@H@@@@@@@@QAEHH@Z 0040dc60 f i cubemap.obj
 0001:0000cce0       ?LinkToParent@?$CUtlRBTree@UCubemapInfo_t@@GP6A_NABU1@0@Z@@IAEXGG_N@Z 0040dce0 f i cubemap.obj
 0001:0000cd50       ??_G?$CUtlVector@HV?$CUtlMemory@H@@@@QAEPAXI@Z 0040dd50 f i cubemap.obj
 0001:0000d000       ?Cubemap_FixupBrushSidesMaterials@@YAXXZ 0040e000 f   cubemap.obj
 0001:0000d100       ?Cubemap_AddUnreferencedCubemaps@@YAXXZ 0040e100 f   cubemap.obj
 0001:0000d290       ?AddToTail@?$CUtlVector@V?$CUtlVector@HV?$CUtlMemory@H@@@@V?$CUtlMemory@V?$CUtlVector@HV?$CUtlMemory@H@@@@@@@@QAEHXZ 0040e290 f i cubemap.obj
 0001:0000d2a0       ?InsertAt@?$CUtlRBTree@UCubemapInfo_t@@GP6A_NABU1@0@Z@@IAEGG_N@Z 0040e2a0 f i cubemap.obj
 0001:0000d2d0       ??$Destruct@V?$CUtlVector@HV?$CUtlMemory@H@@@@@@YAXPAV?$CUtlVector@HV?$CUtlMemory@H@@@@@Z 0040e2d0 f i cubemap.obj
 0001:0000d2e0       ?Cubemap_SaveBrushSides@@YAXPBD@Z 0040e2e0 f   cubemap.obj
 0001:0000d3e0       ?Insert@?$CUtlRBTree@UCubemapInfo_t@@GP6A_NABU1@0@Z@@QAEGABUCubemapInfo_t@@@Z 0040e3e0 f i cubemap.obj
 0001:0000d450       ?RemoveAll@?$CUtlVector@V?$CUtlVector@HV?$CUtlMemory@H@@@@V?$CUtlMemory@V?$CUtlVector@HV?$CUtlMemory@H@@@@@@@@QAEXXZ 0040e450 f i cubemap.obj
 0001:0000d4e0       ?Cubemap_InitCubemapSideData@@YAXXZ 0040e4e0 f   cubemap.obj
 0001:0000d660       ?Cubemap_AttachDefaultCubemapToSpecularSides@@YAXXZ 0040e660 f   cubemap.obj
 0001:0000d7d0       ?Purge@?$CUtlVector@V?$CUtlVector@HV?$CUtlMemory@H@@@@V?$CUtlMemory@V?$CUtlVector@HV?$CUtlMemory@H@@@@@@@@QAEXXZ 0040e7d0 f i cubemap.obj
 0001:0000d810       ??1?$CUtlVector@V?$CUtlVector@HV?$CUtlMemory@H@@@@V?$CUtlMemory@V?$CUtlVector@HV?$CUtlMemory@H@@@@@@@@QAE@XZ 0040e810 f i cubemap.obj
 0001:0000d870       ?CopyFace@@YAPAUface_t@@PAU1@@Z 0040e870 f   detail.obj
 0001:0000d8a0       ?AddBrushToLeaf@@YAXPAUnode_t@@PAUbspbrush_t@@@Z 0040e8a0 f   detail.obj
 0001:0000d8c0       ?MergeBrush_r@@YAXPAUnode_t@@PAUbspbrush_t@@@Z 0040e8c0 f   detail.obj
 0001:0000d940       ?MergeFace_r@@YA_NPAUnode_t@@PAUface_t@@1@Z 0040e940 f   detail.obj
 0001:0000daf0       ?FilterFacesIntoTree@@YAPAUface_t@@PAUtree_t@@PAU1@@Z 0040eaf0 f   detail.obj
 0001:0000db80       ?TryMergeFaceList@@YAXPAPAUface_t@@@Z 0040eb80 f   detail.obj
 0001:0000dc90       ?FilterBrushesIntoTree@@YAXPAUtree_t@@PAUbspbrush_t@@@Z 0040ec90 f   detail.obj
 0001:0000dcc0       ?BrushBoxOverlap@@YA_NPAUbspbrush_t@@0@Z 0040ecc0 f   detail.obj
 0001:0000dd20       ?MakeBrushFace@@YAPAUface_t@@PAUside_t@@PAUwinding_t@@@Z 0040ed20 f   detail.obj
 0001:0000dd80       ?FindOriginalSide@@YAPAUside_t@@PAUmapbrush_t@@PAU1@@Z 0040ed80 f   detail.obj
 0001:0000de80       ?Size@?$CUtlVector@HV?$CUtlMemory@H@@@@QBEHXZ 0040ee80 f i detail.obj
 0001:0000de90       ?Count@?$CUtlVector@PAUbspbrush_t@@V?$CUtlMemory@PAUbspbrush_t@@@@@@QBEHXZ 0040ee90 f i detail.obj
 0001:0000dea0       ?Base@?$CUtlMemory@PAUbspbrush_t@@@@QBEPBQAUbspbrush_t@@XZ 0040eea0 f i detail.obj
 0001:0000deb0       ?Base@?$CUtlMemory@PAUbspbrush_t@@@@QAEPAPAUbspbrush_t@@XZ 0040eeb0 f i detail.obj
 0001:0000dec0       ??$Destruct@PAUbspbrush_t@@@@YAXPAPAUbspbrush_t@@@Z 0040eec0 f i detail.obj
 0001:0000ded0       ?ValidateGrowSize@?$CUtlMemory@PAUbspbrush_t@@@@IAEXXZ 0040eed0 f i detail.obj
 0001:0000dee0       ??$CopyConstruct@PAUbspbrush_t@@@@YAXPAPAUbspbrush_t@@ABQAU0@@Z 0040eee0 f i detail.obj
 0001:0000df00       ?NumAllocated@?$CUtlMemory@PAUbspbrush_t@@@@QBEHXZ 0040ef00 f i detail.obj
 0001:0000df10       ?IsExternallyAllocated@?$CUtlMemory@PAUbspbrush_t@@@@QBE_NXZ 0040ef10 f i detail.obj
 0001:0000df20       ?Base@?$CUtlVector@PAUbspbrush_t@@V?$CUtlMemory@PAUbspbrush_t@@@@@@QBEPBQAUbspbrush_t@@XZ 0040ef20 f i detail.obj
 0001:0000df30       ?Base@?$CUtlVector@PAUbspbrush_t@@V?$CUtlMemory@PAUbspbrush_t@@@@@@QAEPAPAUbspbrush_t@@XZ 0040ef30 f i detail.obj
 0001:0000df40       ?Element@?$CUtlVector@PAUbspbrush_t@@V?$CUtlMemory@PAUbspbrush_t@@@@@@QAEAAPAUbspbrush_t@@H@Z 0040ef40 f i detail.obj
 0001:0000df50       ??0?$CUtlMemory@PAUbspbrush_t@@@@QAE@HH@Z 0040ef50 f i detail.obj
 0001:0000df90       ?ShiftElementsRight@?$CUtlVector@PAUbspbrush_t@@V?$CUtlMemory@PAUbspbrush_t@@@@@@IAEXHH@Z 0040ef90 f i detail.obj
 0001:0000dfd0       ?Purge@?$CUtlMemory@PAUbspbrush_t@@@@QAEXXZ 0040efd0 f i detail.obj
 0001:0000e000       ?Grow@?$CUtlMemory@PAUbspbrush_t@@@@QAEXH@Z 0040f000 f i detail.obj
 0001:0000e070       ??A?$CUtlVector@PAUbspbrush_t@@V?$CUtlMemory@PAUbspbrush_t@@@@@@QBEABQAUbspbrush_t@@H@Z 0040f070 f i detail.obj
 0001:0000e080       ?RemoveAll@?$CUtlVector@PAUbspbrush_t@@V?$CUtlMemory@PAUbspbrush_t@@@@@@QAEXXZ 0040f080 f i detail.obj
 0001:0000e090       ?ResetDbgInfo@?$CUtlVector@PAUbspbrush_t@@V?$CUtlMemory@PAUbspbrush_t@@@@@@IAEXXZ 0040f090 f i detail.obj
 0001:0000e0a0       ?Purge@?$CUtlVector@PAUbspbrush_t@@V?$CUtlMemory@PAUbspbrush_t@@@@@@QAEXXZ 0040f0a0 f i detail.obj
 0001:0000e0f0       ??1?$CUtlMemory@PAUbspbrush_t@@@@QAE@XZ 0040f0f0 f i detail.obj
 0001:0000e120       ?GrowVector@?$CUtlVector@PAUbspbrush_t@@V?$CUtlMemory@PAUbspbrush_t@@@@@@IAEXH@Z 0040f120 f i detail.obj
 0001:0000e150       ??0?$CUtlVector@PAUbspbrush_t@@V?$CUtlMemory@PAUbspbrush_t@@@@@@QAE@HH@Z 0040f150 f i detail.obj
 0001:0000e1a0       ??1?$CUtlVector@PAUbspbrush_t@@V?$CUtlMemory@PAUbspbrush_t@@@@@@QAE@XZ 0040f1a0 f i detail.obj
 0001:0000e210       ?InsertBefore@?$CUtlVector@PAUbspbrush_t@@V?$CUtlMemory@PAUbspbrush_t@@@@@@QAEHHABQAUbspbrush_t@@@Z 0040f210 f i detail.obj
 0001:0000e280       ?AddToHead@?$CUtlVector@HV?$CUtlMemory@H@@@@QAEHABH@Z 0040f280 f i detail.obj
 0001:0000e290       ?AddToTail@?$CUtlVector@PAUbspbrush_t@@V?$CUtlMemory@PAUbspbrush_t@@@@@@QAEHABQAUbspbrush_t@@@Z 0040f290 f i detail.obj
 0001:0000e2b0       ?ClipFaceToBrush@@YA_NPAUface_t@@PAUbspbrush_t@@PAPAU1@@Z 0040f2b0 f   detail.obj
 0001:0000e5d0       ?GetListOfCutBrushes@@YAHAAV?$CUtlVector@PAUbspbrush_t@@V?$CUtlMemory@PAUbspbrush_t@@@@@@PAUbspbrush_t@@1@Z 0040f5d0 f   detail.obj
 0001:0000e720       ?ComputeVisibleBrushSides@@YAPAUface_t@@PAUbspbrush_t@@@Z 0040f720 f   detail.obj
 0001:0000e900       ?MergeDetailTree@@YAPAUface_t@@PAUtree_t@@HH@Z 0040f900 f   detail.obj
 0001:0000ea40       ?fabs@@YAMM@Z              0040fa40 f i detailObjects.obj
 0001:0000ea50       ??0CUtlSymbol@@QAE@XZ      0040fa50 f i detailObjects.obj
 0001:0000ea60       ??0CUtlSymbol@@QAE@ABV0@@Z 0040fa60 f i detailObjects.obj
 0001:0000ea70       ??4CUtlSymbol@@QAEAAV0@ABV0@@Z 0040fa70 f i detailObjects.obj
 0001:0000ea80       ??8CUtlSymbol@@QBE_NABV0@@Z 0040fa80 f i detailObjects.obj
 0001:0000eaa0       ??BCUtlSymbol@@QBE?BGXZ    0040faa0 f i detailObjects.obj
 0001:0000eab0       ??0Vector2D@@QAE@ABV0@@Z   0040fab0 f i detailObjects.obj
 0001:0000ead0       ?Init@Vector2D@@QAEXMM@Z   0040fad0 f i detailObjects.obj
 0001:0000eae0       ??4Vector2D@@QAEAAV0@ABV0@@Z 0040fae0 f i detailObjects.obj
 0001:0000eb00       ??_0Vector2D@@QAEAAV0@M@Z  0040fb00 f i detailObjects.obj
 0001:0000eb30       ?VectorDivide@@YAXABVVector@@MAAV1@@Z 0040fb30 f i detailObjects.obj
 0001:0000eb70       ??0QAngle@@QAE@XZ          0040fb70 f i detailObjects.obj
 0001:0000eb80       ?Init@QAngle@@QAEXMMM@Z    0040fb80 f i detailObjects.obj
 0001:0000eba0       ?VectorCopy@@YAXABVQAngle@@AAV1@@Z 0040fba0 f i detailObjects.obj
 0001:0000ebc0       ??0VMatrix@@QAE@XZ         0040fbc0 f i detailObjects.obj
 0001:0000ebd0       ?SetForward@VMatrix@@QAEXABVVector@@@Z 0040fbd0 f i detailObjects.obj
 0001:0000ebf0       ?SetLeft@VMatrix@@QAEXABVVector@@@Z 0040fbf0 f i detailObjects.obj
 0001:0000ec10       ?SetUp@VMatrix@@QAEXABVVector@@@Z 0040fc10 f i detailObjects.obj
 0001:0000ec30       ?SetBasisVectors@VMatrix@@QAEXABVVector@@00@Z 0040fc30 f i detailObjects.obj
 0001:0000ec80       ?SetTranslation@VMatrix@@QAEXABVVector@@@Z 0040fc80 f i detailObjects.obj
 0001:0000eca0       ?IsText@CUtlBuffer@@QBE_NXZ 0040fca0 f i detailObjects.obj
 0001:0000ecb0       ??8DetailObject_t@@QBE_NABU0@@Z 0040fcb0 f i detailObjects.obj
 0001:0000ed70       ??0DetailSpriteDictLump_t@@QAE@XZ 0040fd70 f i detailObjects.obj
 0001:0000ede0       ??0StaticPropLookup_t@@QAE@XZ 0040fde0 f i detailObjects.obj
 0001:0000ef80       ??A?$CUtlMemory@E@@QAEAAEH@Z 0040ff80 f i detailObjects.obj
 0001:0000ef90       ?Count@?$CUtlVector@UDetailModel_t@@V?$CUtlMemory@UDetailModel_t@@@@@@QBEHXZ 0040ff90 f i detailObjects.obj
 0001:0000efa0       ?Count@?$CUtlVector@UDetailObjectGroup_t@@V?$CUtlMemory@UDetailObjectGroup_t@@@@@@QBEHXZ 0040ffa0 f i detailObjects.obj
 0001:0000efb0       ?InvalidIndex@?$CUtlRBTree@UStaticPropLookup_t@@GP6A_NABU1@0@Z@@SAGXZ 0040ffb0 f i detailObjects.obj
 0001:0000efc0       ?Base@?$CUtlMemory@UDetailObjectDictLump_t@@@@QAEPAUDetailObjectDictLump_t@@XZ 0040ffc0 f i detailObjects.obj
 0001:0000efd0       ?Count@?$CUtlVector@UDetailObjectDictLump_t@@V?$CUtlMemory@UDetailObjectDictLump_t@@@@@@QBEHXZ 0040ffd0 f i detailObjects.obj
 0001:0000efe0       ?Base@?$CUtlMemory@UDetailObjectLump_t@@@@QAEPAUDetailObjectLump_t@@XZ 0040ffe0 f i detailObjects.obj
 0001:0000eff0       ?Count@?$CUtlVector@UDetailObjectLump_t@@V?$CUtlMemory@UDetailObjectLump_t@@@@@@QBEHXZ 0040fff0 f i detailObjects.obj
 0001:0000f000       ?Base@?$CUtlMemory@UDetailSpriteDictLump_t@@@@QAEPAUDetailSpriteDictLump_t@@XZ 00410000 f i detailObjects.obj
 0001:0000f010       ?Count@?$CUtlVector@UDetailSpriteDictLump_t@@V?$CUtlMemory@UDetailSpriteDictLump_t@@@@@@QBEHXZ 00410010 f i detailObjects.obj
 0001:0000f020       ?Base@?$CUtlMemory@UDetailObjectGroup_t@@@@QBEPBUDetailObjectGroup_t@@XZ 00410020 f i detailObjects.obj
 0001:0000f030       ?Base@?$CUtlMemory@UDetailObjectGroup_t@@@@QAEPAUDetailObjectGroup_t@@XZ 00410030 f i detailObjects.obj
 0001:0000f040       ?Count@?$CUtlVector@UDetailObject_t@@V?$CUtlMemory@UDetailObject_t@@@@@@QBEHXZ 00410040 f i detailObjects.obj
 0001:0000f050       ?Base@?$CUtlMemory@UDetailObject_t@@@@QAEPAUDetailObject_t@@XZ 00410050 f i detailObjects.obj
 0001:0000f060       ?Base@?$CUtlMemory@UNode_t@?$CUtlRBTree@UStaticPropLookup_t@@GP6A_NABU1@0@Z@@@@QAEPAUNode_t@?$CUtlRBTree@UStaticPropLookup_t@@GP6A_NABU1@0@Z@@XZ 00410060 f i detailObjects.obj
 0001:0000f070       ?Base@?$CUtlMemory@UDetailModel_t@@@@QBEPBUDetailModel_t@@XZ 00410070 f i detailObjects.obj
 0001:0000f080       ?Base@?$CUtlMemory@UDetailModel_t@@@@QAEPAUDetailModel_t@@XZ 00410080 f i detailObjects.obj
 0001:0000f090       ??0StaticPropLookup_t@@QAE@ABU0@@Z 00410090 f i detailObjects.obj
 0001:0000f0b0       ?ValidateGrowSize@?$CUtlMemory@UDetailObjectGroup_t@@@@IAEXXZ 004100b0 f i detailObjects.obj
 0001:0000f0c0       ?ValidateGrowSize@?$CUtlMemory@UDetailObject_t@@@@IAEXXZ 004100c0 f i detailObjects.obj
 0001:0000f0d0       ?ValidateGrowSize@?$CUtlMemory@UNode_t@?$CUtlRBTree@UStaticPropLookup_t@@GP6A_NABU1@0@Z@@@@IAEXXZ 004100d0 f i detailObjects.obj
 0001:0000f0e0       ?ValidateGrowSize@?$CUtlMemory@UDetailObjectDictLump_t@@@@IAEXXZ 004100e0 f i detailObjects.obj
 0001:0000f0f0       ?ValidateGrowSize@?$CUtlMemory@UDetailObjectLump_t@@@@IAEXXZ 004100f0 f i detailObjects.obj
 0001:0000f100       ?ValidateGrowSize@?$CUtlMemory@UDetailSpriteDictLump_t@@@@IAEXXZ 00410100 f i detailObjects.obj
 0001:0000f110       ?Base@?$CUtlMemory@UDetailObject_t@@@@QBEPBUDetailObject_t@@XZ 00410110 f i detailObjects.obj
 0001:0000f120       ??A?$CUtlMemory@UNode_t@?$CUtlRBTree@UStaticPropLookup_t@@GP6A_NABU1@0@Z@@@@QBEABUNode_t@?$CUtlRBTree@UStaticPropLookup_t@@GP6A_NABU1@0@Z@@H@Z 00410120 f i detailObjects.obj
 0001:0000f130       ??A?$CUtlMemory@UNode_t@?$CUtlRBTree@UStaticPropLookup_t@@GP6A_NABU1@0@Z@@@@QAEAAUNode_t@?$CUtlRBTree@UStaticPropLookup_t@@GP6A_NABU1@0@Z@@H@Z 00410130 f i detailObjects.obj
 0001:0000f140       ??$Destruct@UStaticPropLookup_t@@@@YAXPAUStaticPropLookup_t@@@Z 00410140 f i detailObjects.obj
 0001:0000f150       ??$CopyConstruct@UDetailObjectDictLump_t@@@@YAXPAUDetailObjectDictLump_t@@ABU0@@Z 00410150 f i detailObjects.obj
 0001:0000f170       ??0DetailModel_t@@QAE@XZ   00410170 f i detailObjects.obj
 0001:0000f180       ??0DetailObjectLump_t@@QAE@XZ 00410180 f i detailObjects.obj
 0001:0000f190       ??0DetailSpriteDictLump_t@@QAE@ABU0@@Z 00410190 f i detailObjects.obj
 0001:0000f1d0       ?NumAllocated@?$CUtlMemory@UDetailModel_t@@@@QBEHXZ 004101d0 f i detailObjects.obj
 0001:0000f1e0       ?NumAllocated@?$CUtlMemory@UDetailObjectGroup_t@@@@QBEHXZ 004101e0 f i detailObjects.obj
 0001:0000f1f0       ?IsExternallyAllocated@?$CUtlMemory@UDetailObjectGroup_t@@@@QBE_NXZ 004101f0 f i detailObjects.obj
 0001:0000f200       ?NumAllocated@?$CUtlMemory@UDetailObject_t@@@@QBEHXZ 00410200 f i detailObjects.obj
 0001:0000f210       ?IsExternallyAllocated@?$CUtlMemory@UDetailObject_t@@@@QBE_NXZ 00410210 f i detailObjects.obj
 0001:0000f220       ?Links@?$CUtlRBTree@UStaticPropLookup_t@@GP6A_NABU1@0@Z@@IAEAAULinks_t@1@G@Z 00410220 f i detailObjects.obj
 0001:0000f240       ?IsIdxValid@?$CUtlMemory@UNode_t@?$CUtlRBTree@UStaticPropLookup_t@@GP6A_NABU1@0@Z@@@@QBE_NH@Z 00410240 f i detailObjects.obj
 0001:0000f260       ?NumAllocated@?$CUtlMemory@UNode_t@?$CUtlRBTree@UStaticPropLookup_t@@GP6A_NABU1@0@Z@@@@QBEHXZ 00410260 f i detailObjects.obj
 0001:0000f270       ?IsExternallyAllocated@?$CUtlMemory@UNode_t@?$CUtlRBTree@UStaticPropLookup_t@@GP6A_NABU1@0@Z@@@@QBE_NXZ 00410270 f i detailObjects.obj
 0001:0000f280       ??$Construct@UStaticPropLookup_t@@@@YAXPAUStaticPropLookup_t@@@Z 00410280 f i detailObjects.obj
 0001:0000f290       ?NumAllocated@?$CUtlMemory@UDetailObjectDictLump_t@@@@QBEHXZ 00410290 f i detailObjects.obj
 0001:0000f2a0       ?IsExternallyAllocated@?$CUtlMemory@UDetailObjectDictLump_t@@@@QBE_NXZ 004102a0 f i detailObjects.obj
 0001:0000f2b0       ??$Destruct@UDetailObjectDictLump_t@@@@YAXPAUDetailObjectDictLump_t@@@Z 004102b0 f i detailObjects.obj
 0001:0000f2c0       ?NumAllocated@?$CUtlMemory@UDetailObjectLump_t@@@@QBEHXZ 004102c0 f i detailObjects.obj
 0001:0000f2d0       ?IsExternallyAllocated@?$CUtlMemory@UDetailObjectLump_t@@@@QBE_NXZ 004102d0 f i detailObjects.obj
 0001:0000f2e0       ??$Destruct@UDetailObjectLump_t@@@@YAXPAUDetailObjectLump_t@@@Z 004102e0 f i detailObjects.obj
 0001:0000f2f0       ?NumAllocated@?$CUtlMemory@UDetailSpriteDictLump_t@@@@QBEHXZ 004102f0 f i detailObjects.obj
 0001:0000f300       ?IsExternallyAllocated@?$CUtlMemory@UDetailSpriteDictLump_t@@@@QBE_NXZ 00410300 f i detailObjects.obj
 0001:0000f310       ??$Destruct@UDetailSpriteDictLump_t@@@@YAXPAUDetailSpriteDictLump_t@@@Z 00410310 f i detailObjects.obj
 0001:0000f320       ?IsExternallyAllocated@?$CUtlMemory@UDetailModel_t@@@@QBE_NXZ 00410320 f i detailObjects.obj
 0001:0000f330       ?IsRoot@?$CUtlRBTree@UStaticPropLookup_t@@GP6A_NABU1@0@Z@@QBE_NG@Z 00410330 f i detailObjects.obj
 0001:0000f350       ?SetColor@?$CUtlRBTree@UStaticPropLookup_t@@GP6A_NABU1@0@Z@@IAEXGW4NodeColor_t@1@@Z 00410350 f i detailObjects.obj
 0001:0000f370       ?ValidateGrowSize@?$CUtlMemory@UDetailModel_t@@@@IAEXXZ 00410370 f i detailObjects.obj
 0001:0000f380       ?Purge@?$CUtlMemory@UDetailModel_t@@@@QAEXXZ 00410380 f i detailObjects.obj
 0001:0000f3b0       ?SetParent@?$CUtlRBTree@UStaticPropLookup_t@@GP6A_NABU1@0@Z@@IAEXGG@Z 004103b0 f i detailObjects.obj
 0001:0000f3d0       ?SetLeftChild@?$CUtlRBTree@UStaticPropLookup_t@@GP6A_NABU1@0@Z@@IAEXGG@Z 004103d0 f i detailObjects.obj
 0001:0000f3f0       ?SetRightChild@?$CUtlRBTree@UStaticPropLookup_t@@GP6A_NABU1@0@Z@@IAEXGG@Z 004103f0 f i detailObjects.obj
 0001:0000f410       ??$Destruct@UDetailModel_t@@@@YAXPAUDetailModel_t@@@Z 00410410 f i detailObjects.obj
 0001:0000f420       ?PeekPut@CUtlBuffer@@QAEPAXH@Z 00410420 f i detailObjects.obj
 0001:0000f430       ?PutLittleEndianData@CUtlBuffer@@IAEXHPAX@Z 00410430 f i detailObjects.obj
 0001:0000f470       ?Base@?$CUtlVector@UDetailObjectDictLump_t@@V?$CUtlMemory@UDetailObjectDictLump_t@@@@@@QAEPAUDetailObjectDictLump_t@@XZ 00410470 f i detailObjects.obj
 0001:0000f480       ?Base@?$CUtlVector@UDetailObjectLump_t@@V?$CUtlMemory@UDetailObjectLump_t@@@@@@QAEPAUDetailObjectLump_t@@XZ 00410480 f i detailObjects.obj
 0001:0000f490       ?Base@?$CUtlVector@UDetailSpriteDictLump_t@@V?$CUtlMemory@UDetailSpriteDictLump_t@@@@@@QAEPAUDetailSpriteDictLump_t@@XZ 00410490 f i detailObjects.obj
 0001:0000f4a0       ??A?$CUtlVector@UDetailObjectDictLump_t@@V?$CUtlMemory@UDetailObjectDictLump_t@@@@@@QAEAAUDetailObjectDictLump_t@@H@Z 004104a0 f i detailObjects.obj
 0001:0000f4b0       ??A?$CUtlVector@UDetailObjectLump_t@@V?$CUtlMemory@UDetailObjectLump_t@@@@@@QAEAAUDetailObjectLump_t@@H@Z 004104b0 f i detailObjects.obj
 0001:0000f4c0       ??A?$CUtlVector@UDetailSpriteDictLump_t@@V?$CUtlMemory@UDetailSpriteDictLump_t@@@@@@QAEAAUDetailSpriteDictLump_t@@H@Z 004104c0 f i detailObjects.obj
 0001:0000f4d0       ?Base@?$CUtlVector@UDetailModel_t@@V?$CUtlMemory@UDetailModel_t@@@@@@QAEPAUDetailModel_t@@XZ 004104d0 f i detailObjects.obj
 0001:0000f4e0       ?Base@?$CUtlVector@UDetailModel_t@@V?$CUtlMemory@UDetailModel_t@@@@@@QBEPBUDetailModel_t@@XZ 004104e0 f i detailObjects.obj
 0001:0000f4f0       ?Base@?$CUtlVector@UDetailObjectGroup_t@@V?$CUtlMemory@UDetailObjectGroup_t@@@@@@QAEPAUDetailObjectGroup_t@@XZ 004104f0 f i detailObjects.obj
 0001:0000f500       ?Base@?$CUtlVector@UDetailObjectGroup_t@@V?$CUtlMemory@UDetailObjectGroup_t@@@@@@QBEPBUDetailObjectGroup_t@@XZ 00410500 f i detailObjects.obj
 0001:0000f510       ?ResetDbgInfo@?$CUtlVector@UDetailObjectGroup_t@@V?$CUtlMemory@UDetailObjectGroup_t@@@@@@IAEXXZ 00410510 f i detailObjects.obj
 0001:0000f520       ?Base@?$CUtlVector@UDetailObject_t@@V?$CUtlMemory@UDetailObject_t@@@@@@QAEPAUDetailObject_t@@XZ 00410520 f i detailObjects.obj
 0001:0000f530       ?ResetDbgInfo@?$CUtlVector@UDetailObject_t@@V?$CUtlMemory@UDetailObject_t@@@@@@IAEXXZ 00410530 f i detailObjects.obj
 0001:0000f540       ?ResetDbgInfo@?$CUtlRBTree@UStaticPropLookup_t@@GP6A_NABU1@0@Z@@IAEXXZ 00410540 f i detailObjects.obj
 0001:0000f550       ?ResetDbgInfo@?$CUtlVector@UDetailObjectDictLump_t@@V?$CUtlMemory@UDetailObjectDictLump_t@@@@@@IAEXXZ 00410550 f i detailObjects.obj
 0001:0000f560       ?ResetDbgInfo@?$CUtlVector@UDetailObjectLump_t@@V?$CUtlMemory@UDetailObjectLump_t@@@@@@IAEXXZ 00410560 f i detailObjects.obj
 0001:0000f570       ?ResetDbgInfo@?$CUtlVector@UDetailSpriteDictLump_t@@V?$CUtlMemory@UDetailSpriteDictLump_t@@@@@@IAEXXZ 00410570 f i detailObjects.obj
 0001:0000f580       ??$PutTypeBin@H@CUtlBuffer@@IAEXH@Z 00410580 f i detailObjects.obj
 0001:0000f5d0       ??0?$CUtlMemory@UDetailObjectGroup_t@@@@QAE@HH@Z 004105d0 f i detailObjects.obj
 0001:0000f610       ??0?$CUtlMemory@UDetailObject_t@@@@QAE@HH@Z 00410610 f i detailObjects.obj
 0001:0000f660       ?Element@?$CUtlRBTree@UStaticPropLookup_t@@GP6A_NABU1@0@Z@@QBEABUStaticPropLookup_t@@G@Z 00410660 f i detailObjects.obj
 0001:0000f680       ?Element@?$CUtlRBTree@UStaticPropLookup_t@@GP6A_NABU1@0@Z@@QAEAAUStaticPropLookup_t@@G@Z 00410680 f i detailObjects.obj
 0001:0000f6a0       ??0?$CUtlMemory@UNode_t@?$CUtlRBTree@UStaticPropLookup_t@@GP6A_NABU1@0@Z@@@@QAE@HH@Z 004106a0 f i detailObjects.obj
 0001:0000f6e0       ??$CopyConstruct@UStaticPropLookup_t@@@@YAXPAUStaticPropLookup_t@@ABU0@@Z 004106e0 f i detailObjects.obj
 0001:0000f700       ??0?$CUtlMemory@UDetailObjectDictLump_t@@@@QAE@HH@Z 00410700 f i detailObjects.obj
 0001:0000f740       ??0?$CUtlMemory@UDetailObjectLump_t@@@@QAE@HH@Z 00410740 f i detailObjects.obj
 0001:0000f780       ??0?$CUtlMemory@UDetailSpriteDictLump_t@@@@QAE@HH@Z 00410780 f i detailObjects.obj
 0001:0000f7c0       ?Base@?$CUtlVector@UDetailObject_t@@V?$CUtlMemory@UDetailObject_t@@@@@@QBEPBUDetailObject_t@@XZ 004107c0 f i detailObjects.obj
 0001:0000f7d0       ?Element@?$CUtlVector@UDetailModel_t@@V?$CUtlMemory@UDetailModel_t@@@@@@QAEAAUDetailModel_t@@H@Z 004107d0 f i detailObjects.obj
 0001:0000f7f0       ?ShiftElementsRight@?$CUtlVector@UDetailModel_t@@V?$CUtlMemory@UDetailModel_t@@@@@@IAEXHH@Z 004107f0 f i detailObjects.obj
 0001:0000f840       ??$Construct@UDetailModel_t@@@@YAXPAUDetailModel_t@@@Z 00410840 f i detailObjects.obj
 0001:0000f850       ?Element@?$CUtlVector@UDetailObjectGroup_t@@V?$CUtlMemory@UDetailObjectGroup_t@@@@@@QAEAAUDetailObjectGroup_t@@H@Z 00410850 f i detailObjects.obj
 0001:0000f860       ?ShiftElementsRight@?$CUtlVector@UDetailObjectGroup_t@@V?$CUtlMemory@UDetailObjectGroup_t@@@@@@IAEXHH@Z 00410860 f i detailObjects.obj
 0001:0000f8b0       ?Purge@?$CUtlMemory@UDetailObjectGroup_t@@@@QAEXXZ 004108b0 f i detailObjects.obj
 0001:0000f8e0       ?Element@?$CUtlVector@UDetailObject_t@@V?$CUtlMemory@UDetailObject_t@@@@@@QAEAAUDetailObject_t@@H@Z 004108e0 f i detailObjects.obj
 0001:0000f900       ?ShiftElementsRight@?$CUtlVector@UDetailObject_t@@V?$CUtlMemory@UDetailObject_t@@@@@@IAEXHH@Z 00410900 f i detailObjects.obj
 0001:0000f960       ?Purge@?$CUtlMemory@UDetailObject_t@@@@QAEXXZ 00410960 f i detailObjects.obj
 0001:0000f990       ?Links@?$CUtlRBTree@UStaticPropLookup_t@@GP6A_NABU1@0@Z@@IBEABULinks_t@1@G@Z 00410990 f i detailObjects.obj
 0001:0000f9f0       ?Purge@?$CUtlMemory@UNode_t@?$CUtlRBTree@UStaticPropLookup_t@@GP6A_NABU1@0@Z@@@@QAEXXZ 004109f0 f i detailObjects.obj
 0001:0000fa20       ?Purge@?$CUtlMemory@UDetailObjectDictLump_t@@@@QAEXXZ 00410a20 f i detailObjects.obj
 0001:0000fa50       ?Element@?$CUtlVector@UDetailObjectDictLump_t@@V?$CUtlMemory@UDetailObjectDictLump_t@@@@@@QAEAAUDetailObjectDictLump_t@@H@Z 00410a50 f i detailObjects.obj
 0001:0000fa60       ?RemoveAll@?$CUtlVector@UDetailObjectDictLump_t@@V?$CUtlMemory@UDetailObjectDictLump_t@@@@@@QAEXXZ 00410a60 f i detailObjects.obj
 0001:0000fa70       ?ShiftElementsRight@?$CUtlVector@UDetailObjectDictLump_t@@V?$CUtlMemory@UDetailObjectDictLump_t@@@@@@IAEXHH@Z 00410a70 f i detailObjects.obj
 0001:0000fab0       ?Purge@?$CUtlMemory@UDetailObjectLump_t@@@@QAEXXZ 00410ab0 f i detailObjects.obj
 0001:0000fae0       ?Element@?$CUtlVector@UDetailObjectLump_t@@V?$CUtlMemory@UDetailObjectLump_t@@@@@@QAEAAUDetailObjectLump_t@@H@Z 00410ae0 f i detailObjects.obj
 0001:0000faf0       ?RemoveAll@?$CUtlVector@UDetailObjectLump_t@@V?$CUtlMemory@UDetailObjectLump_t@@@@@@QAEXXZ 00410af0 f i detailObjects.obj
 0001:0000fb00       ?ShiftElementsRight@?$CUtlVector@UDetailObjectLump_t@@V?$CUtlMemory@UDetailObjectLump_t@@@@@@IAEXHH@Z 00410b00 f i detailObjects.obj
 0001:0000fb40       ??$Construct@UDetailObjectLump_t@@@@YAXPAUDetailObjectLump_t@@@Z 00410b40 f i detailObjects.obj
 0001:0000fb50       ?Purge@?$CUtlMemory@UDetailSpriteDictLump_t@@@@QAEXXZ 00410b50 f i detailObjects.obj
 0001:0000fb80       ?Element@?$CUtlVector@UDetailSpriteDictLump_t@@V?$CUtlMemory@UDetailSpriteDictLump_t@@@@@@QAEAAUDetailSpriteDictLump_t@@H@Z 00410b80 f i detailObjects.obj
 0001:0000fb90       ?RemoveAll@?$CUtlVector@UDetailSpriteDictLump_t@@V?$CUtlMemory@UDetailSpriteDictLump_t@@@@@@QAEXXZ 00410b90 f i detailObjects.obj
 0001:0000fba0       ?ShiftElementsRight@?$CUtlVector@UDetailSpriteDictLump_t@@V?$CUtlMemory@UDetailSpriteDictLump_t@@@@@@IAEXHH@Z 00410ba0 f i detailObjects.obj
 0001:0000fbe0       ??$CopyConstruct@UDetailSpriteDictLump_t@@@@YAXPAUDetailSpriteDictLump_t@@ABU0@@Z 00410be0 f i detailObjects.obj
 0001:0000fc20       ?ResetDbgInfo@?$CUtlVector@UDetailModel_t@@V?$CUtlMemory@UDetailModel_t@@@@@@IAEXXZ 00410c20 f i detailObjects.obj
 0001:0000fc30       ?Grow@?$CUtlMemory@UDetailModel_t@@@@QAEXH@Z 00410c30 f i detailObjects.obj
 0001:0000fcc0       ?Grow@?$CUtlMemory@UDetailObjectGroup_t@@@@QAEXH@Z 00410cc0 f i detailObjects.obj
 0001:0000fd40       ?Grow@?$CUtlMemory@UDetailObject_t@@@@QAEXH@Z 00410d40 f i detailObjects.obj
 0001:0000fdd0       ?Grow@?$CUtlMemory@UNode_t@?$CUtlRBTree@UStaticPropLookup_t@@GP6A_NABU1@0@Z@@@@QAEXH@Z 00410dd0 f i detailObjects.obj
 0001:0000fe40       ?Grow@?$CUtlMemory@UDetailObjectDictLump_t@@@@QAEXH@Z 00410e40 f i detailObjects.obj
 0001:0000feb0       ?Grow@?$CUtlMemory@UDetailObjectLump_t@@@@QAEXH@Z 00410eb0 f i detailObjects.obj
 0001:0000ff20       ?Grow@?$CUtlMemory@UDetailSpriteDictLump_t@@@@QAEXH@Z 00410f20 f i detailObjects.obj
 0001:0000ff90       ??0?$CUtlMemory@UDetailModel_t@@@@QAE@HH@Z 00410f90 f i detailObjects.obj
 0001:0000ffd0       ??1?$CUtlMemory@UDetailModel_t@@@@QAE@XZ 00410fd0 f i detailObjects.obj
 0001:00010000       ?Parent@?$CUtlRBTree@UStaticPropLookup_t@@GP6A_NABU1@0@Z@@QBEGG@Z 00411000 f i detailObjects.obj
 0001:00010020       ?IsRed@?$CUtlRBTree@UStaticPropLookup_t@@GP6A_NABU1@0@Z@@IBE_NG@Z 00411020 f i detailObjects.obj
 0001:00010040       ?Color@?$CUtlRBTree@UStaticPropLookup_t@@GP6A_NABU1@0@Z@@IBE?AW4NodeColor_t@1@G@Z 00411040 f i detailObjects.obj
 0001:00010060       ?RemoveAll@?$CUtlVector@UDetailModel_t@@V?$CUtlMemory@UDetailModel_t@@@@@@QAEXXZ 00411060 f i detailObjects.obj
 0001:00010070       ??$PutType@H@CUtlBuffer@@IAEXHPBD@Z 00411070 f i detailObjects.obj
 0001:000100a0       ??A?$CUtlVector@UDetailModel_t@@V?$CUtlMemory@UDetailModel_t@@@@@@QBEABUDetailModel_t@@H@Z 004110a0 f i detailObjects.obj
 0001:000100c0       ??A?$CUtlVector@UDetailModel_t@@V?$CUtlMemory@UDetailModel_t@@@@@@QAEAAUDetailModel_t@@H@Z 004110c0 f i detailObjects.obj
 0001:000100e0       ??A?$CUtlVector@UDetailObjectGroup_t@@V?$CUtlMemory@UDetailObjectGroup_t@@@@@@QBEABUDetailObjectGroup_t@@H@Z 004110e0 f i detailObjects.obj
 0001:000100f0       ??A?$CUtlVector@UDetailObjectGroup_t@@V?$CUtlMemory@UDetailObjectGroup_t@@@@@@QAEAAUDetailObjectGroup_t@@H@Z 004110f0 f i detailObjects.obj
 0001:00010100       ??A?$CUtlVector@UDetailObject_t@@V?$CUtlMemory@UDetailObject_t@@@@@@QAEAAUDetailObject_t@@H@Z 00411100 f i detailObjects.obj
 0001:00010120       ??A?$CUtlRBTree@UStaticPropLookup_t@@GP6A_NABU1@0@Z@@QAEAAUStaticPropLookup_t@@G@Z 00411120 f i detailObjects.obj
 0001:00010140       ??1?$CUtlMemory@UDetailObjectGroup_t@@@@QAE@XZ 00411140 f i detailObjects.obj
 0001:00010170       ?Element@?$CUtlVector@UDetailObject_t@@V?$CUtlMemory@UDetailObject_t@@@@@@QBEABUDetailObject_t@@H@Z 00411170 f i detailObjects.obj
 0001:00010190       ??1?$CUtlMemory@UDetailObject_t@@@@QAE@XZ 00411190 f i detailObjects.obj
 0001:000101c0       ?LeftChild@?$CUtlRBTree@UStaticPropLookup_t@@GP6A_NABU1@0@Z@@QBEGG@Z 004111c0 f i detailObjects.obj
 0001:000101d0       ?RightChild@?$CUtlRBTree@UStaticPropLookup_t@@GP6A_NABU1@0@Z@@QBEGG@Z 004111d0 f i detailObjects.obj
 0001:000101f0       ?FindInsertionPosition@?$CUtlRBTree@UStaticPropLookup_t@@GP6A_NABU1@0@Z@@IAEXABUStaticPropLookup_t@@AAGAA_N@Z 004111f0 f i detailObjects.obj
 0001:00010300       ??1?$CUtlMemory@UNode_t@?$CUtlRBTree@UStaticPropLookup_t@@GP6A_NABU1@0@Z@@@@QAE@XZ 00411300 f i detailObjects.obj
 0001:00010330       ??1?$CUtlMemory@UDetailObjectDictLump_t@@@@QAE@XZ 00411330 f i detailObjects.obj
 0001:00010360       ?Purge@?$CUtlVector@UDetailObjectDictLump_t@@V?$CUtlMemory@UDetailObjectDictLump_t@@@@@@QAEXXZ 00411360 f i detailObjects.obj
 0001:000103b0       ??1?$CUtlMemory@UDetailObjectLump_t@@@@QAE@XZ 004113b0 f i detailObjects.obj
 0001:000103e0       ?Purge@?$CUtlVector@UDetailObjectLump_t@@V?$CUtlMemory@UDetailObjectLump_t@@@@@@QAEXXZ 004113e0 f i detailObjects.obj
 0001:00010430       ??1?$CUtlMemory@UDetailSpriteDictLump_t@@@@QAE@XZ 00411430 f i detailObjects.obj
 0001:00010460       ?Purge@?$CUtlVector@UDetailSpriteDictLump_t@@V?$CUtlMemory@UDetailSpriteDictLump_t@@@@@@QAEXXZ 00411460 f i detailObjects.obj
 0001:000104b0       ?GrowVector@?$CUtlVector@UDetailModel_t@@V?$CUtlMemory@UDetailModel_t@@@@@@IAEXH@Z 004114b0 f i detailObjects.obj
 0001:000104e0       ?GrowVector@?$CUtlVector@UDetailObjectGroup_t@@V?$CUtlMemory@UDetailObjectGroup_t@@@@@@IAEXH@Z 004114e0 f i detailObjects.obj
 0001:00010510       ?GrowVector@?$CUtlVector@UDetailObject_t@@V?$CUtlMemory@UDetailObject_t@@@@@@IAEXH@Z 00411510 f i detailObjects.obj
 0001:00010540       ?IsValidIndex@?$CUtlRBTree@UStaticPropLookup_t@@GP6A_NABU1@0@Z@@QBE_NG@Z 00411540 f i detailObjects.obj
 0001:00010570       ?NewNode@?$CUtlRBTree@UStaticPropLookup_t@@GP6A_NABU1@0@Z@@QAEGXZ 00411570 f i detailObjects.obj
 0001:000105e0       ?GrowVector@?$CUtlVector@UDetailObjectDictLump_t@@V?$CUtlMemory@UDetailObjectDictLump_t@@@@@@IAEXH@Z 004115e0 f i detailObjects.obj
 0001:00010610       ?GrowVector@?$CUtlVector@UDetailObjectLump_t@@V?$CUtlMemory@UDetailObjectLump_t@@@@@@IAEXH@Z 00411610 f i detailObjects.obj
 0001:00010640       ?GrowVector@?$CUtlVector@UDetailSpriteDictLump_t@@V?$CUtlMemory@UDetailSpriteDictLump_t@@@@@@IAEXH@Z 00411640 f i detailObjects.obj
 0001:00010670       ??0?$CUtlVector@UDetailModel_t@@V?$CUtlMemory@UDetailModel_t@@@@@@QAE@HH@Z 00411670 f i detailObjects.obj
 0001:000106c0       ?Purge@?$CUtlVector@UDetailModel_t@@V?$CUtlMemory@UDetailModel_t@@@@@@QAEXXZ 004116c0 f i detailObjects.obj
 0001:00010710       ?IsLeftChild@?$CUtlRBTree@UStaticPropLookup_t@@GP6A_NABU1@0@Z@@QBE_NG@Z 00411710 f i detailObjects.obj
 0001:00010740       ?IsRightChild@?$CUtlRBTree@UStaticPropLookup_t@@GP6A_NABU1@0@Z@@QBE_NG@Z 00411740 f i detailObjects.obj
 0001:00010770       ?RotateLeft@?$CUtlRBTree@UStaticPropLookup_t@@GP6A_NABU1@0@Z@@IAEXG@Z 00411770 f i detailObjects.obj
 0001:00010870       ?RotateRight@?$CUtlRBTree@UStaticPropLookup_t@@GP6A_NABU1@0@Z@@IAEXG@Z 00411870 f i detailObjects.obj
 0001:00010970       ?PutInt@CUtlBuffer@@QAEXH@Z 00411970 f i detailObjects.obj
 0001:00010ca0       ??0?$CUtlVector@UDetailObjectGroup_t@@V?$CUtlMemory@UDetailObjectGroup_t@@@@@@QAE@HH@Z 00411ca0 f i detailObjects.obj
 0001:00010cf0       ??0?$CUtlVector@UDetailObject_t@@V?$CUtlMemory@UDetailObject_t@@@@@@QAE@HH@Z 00411cf0 f i detailObjects.obj
 0001:00010d40       ?Find@?$CUtlVector@UDetailObject_t@@V?$CUtlMemory@UDetailObject_t@@@@@@QBEHABUDetailObject_t@@@Z 00411d40 f i detailObjects.obj
 0001:00010d70       ??0?$CUtlRBTree@UStaticPropLookup_t@@GP6A_NABU1@0@Z@@QAE@HHABQ6A_NABUStaticPropLookup_t@@0@Z@Z 00411d70 f i detailObjects.obj
 0001:00010de0       ?Find@?$CUtlRBTree@UStaticPropLookup_t@@GP6A_NABU1@0@Z@@QBEGABUStaticPropLookup_t@@@Z 00411de0 f i detailObjects.obj
 0001:00010ef0       ??0?$CUtlVector@UDetailObjectDictLump_t@@V?$CUtlMemory@UDetailObjectDictLump_t@@@@@@QAE@HH@Z 00411ef0 f i detailObjects.obj
 0001:00010f40       ??1?$CUtlVector@UDetailObjectDictLump_t@@V?$CUtlMemory@UDetailObjectDictLump_t@@@@@@QAE@XZ 00411f40 f i detailObjects.obj
 0001:00010fb0       ??0?$CUtlVector@UDetailObjectLump_t@@V?$CUtlMemory@UDetailObjectLump_t@@@@@@QAE@HH@Z 00411fb0 f i detailObjects.obj
 0001:00011000       ??1?$CUtlVector@UDetailObjectLump_t@@V?$CUtlMemory@UDetailObjectLump_t@@@@@@QAE@XZ 00412000 f i detailObjects.obj
 0001:00011070       ??0?$CUtlVector@UDetailSpriteDictLump_t@@V?$CUtlMemory@UDetailSpriteDictLump_t@@@@@@QAE@HH@Z 00412070 f i detailObjects.obj
 0001:000110c0       ??1?$CUtlVector@UDetailSpriteDictLump_t@@V?$CUtlMemory@UDetailSpriteDictLump_t@@@@@@QAE@XZ 004120c0 f i detailObjects.obj
 0001:00011130       ?InsertBefore@?$CUtlVector@UDetailModel_t@@V?$CUtlMemory@UDetailModel_t@@@@@@QAEHH@Z 00412130 f i detailObjects.obj
 0001:000111b0       ?Purge@?$CUtlRBTree@UStaticPropLookup_t@@GP6A_NABU1@0@Z@@QAEXXZ 004121b0 f i detailObjects.obj
 0001:00011250       ?InsertBefore@?$CUtlVector@UDetailObjectDictLump_t@@V?$CUtlMemory@UDetailObjectDictLump_t@@@@@@QAEHHABUDetailObjectDictLump_t@@@Z 00412250 f i detailObjects.obj
 0001:000112c0       ?InsertBefore@?$CUtlVector@UDetailObjectLump_t@@V?$CUtlMemory@UDetailObjectLump_t@@@@@@QAEHH@Z 004122c0 f i detailObjects.obj
 0001:00011320       ?InsertBefore@?$CUtlVector@UDetailSpriteDictLump_t@@V?$CUtlMemory@UDetailSpriteDictLump_t@@@@@@QAEHHABUDetailSpriteDictLump_t@@@Z 00412320 f i detailObjects.obj
 0001:000113c0       ??1?$CUtlVector@UDetailModel_t@@V?$CUtlMemory@UDetailModel_t@@@@@@QAE@XZ 004123c0 f i detailObjects.obj
 0001:00011430       ?InsertRebalance@?$CUtlRBTree@UStaticPropLookup_t@@GP6A_NABU1@0@Z@@IAEXG@Z 00412430 f i detailObjects.obj
 0001:000119a0       ??1DetailObjectGroup_t@@QAE@XZ 004129a0 f i detailObjects.obj
 0001:000119b0       ?AddToTail@?$CUtlVector@UDetailModel_t@@V?$CUtlMemory@UDetailModel_t@@@@@@QAEHXZ 004129b0 f i detailObjects.obj
 0001:000119c0       ??1?$CUtlRBTree@UStaticPropLookup_t@@GP6A_NABU1@0@Z@@QAE@XZ 004129c0 f i detailObjects.obj
 0001:00011a00       ?AddToTail@?$CUtlVector@UDetailObjectDictLump_t@@V?$CUtlMemory@UDetailObjectDictLump_t@@@@@@QAEHABUDetailObjectDictLump_t@@@Z 00412a00 f i detailObjects.obj
 0001:00011a20       ?AddToTail@?$CUtlVector@UDetailObjectLump_t@@V?$CUtlMemory@UDetailObjectLump_t@@@@@@QAEHXZ 00412a20 f i detailObjects.obj
 0001:00011a30       ?AddToTail@?$CUtlVector@UDetailSpriteDictLump_t@@V?$CUtlMemory@UDetailSpriteDictLump_t@@@@@@QAEHABUDetailSpriteDictLump_t@@@Z 00412a30 f i detailObjects.obj
 0001:00011a50       ?LinkToParent@?$CUtlRBTree@UStaticPropLookup_t@@GP6A_NABU1@0@Z@@IAEXGG_N@Z 00412a50 f i detailObjects.obj
 0001:00011ac0       ??0DetailObjectGroup_t@@QAE@XZ 00412ac0 f i detailObjects.obj
 0001:00011ae0       ??_GDetailObjectGroup_t@@QAEPAXI@Z 00412ae0 f i detailObjects.obj
 0001:00011ea0       ?InsertAt@?$CUtlRBTree@UStaticPropLookup_t@@GP6A_NABU1@0@Z@@IAEGG_N@Z 00412ea0 f i detailObjects.obj
 0001:00011ed0       ??$Construct@UDetailObjectGroup_t@@@@YAXPAUDetailObjectGroup_t@@@Z 00412ed0 f i detailObjects.obj
 0001:00011ef0       ??$Destruct@UDetailObjectGroup_t@@@@YAXPAUDetailObjectGroup_t@@@Z 00412ef0 f i detailObjects.obj
 0001:00011f00       ?Insert@?$CUtlRBTree@UStaticPropLookup_t@@GP6A_NABU1@0@Z@@QAEGABUStaticPropLookup_t@@@Z 00412f00 f i detailObjects.obj
 0001:00011f70       ?InsertBefore@?$CUtlVector@UDetailObjectGroup_t@@V?$CUtlMemory@UDetailObjectGroup_t@@@@@@QAEHH@Z 00412f70 f i detailObjects.obj
 0001:00011ff0       ?RemoveAll@?$CUtlVector@UDetailObjectGroup_t@@V?$CUtlMemory@UDetailObjectGroup_t@@@@@@QAEXXZ 00412ff0 f i detailObjects.obj
 0001:00012980       ?InsertAfter@?$CUtlVector@UDetailObjectGroup_t@@V?$CUtlMemory@UDetailObjectGroup_t@@@@@@QAEHH@Z 00413980 f i detailObjects.obj
 0001:00012990       ?Purge@?$CUtlVector@UDetailObjectGroup_t@@V?$CUtlMemory@UDetailObjectGroup_t@@@@@@QAEXXZ 00413990 f i detailObjects.obj
 0001:00012f40       ??1?$CUtlVector@UDetailObjectGroup_t@@V?$CUtlMemory@UDetailObjectGroup_t@@@@@@QAE@XZ 00413f40 f i detailObjects.obj
 0001:00012fa0       ??0DetailObject_t@@QAE@XZ  00413fa0 f i detailObjects.obj
 0001:00012fc0       ??1DetailObject_t@@QAE@XZ  00413fc0 f i detailObjects.obj
 0001:00012fd0       ??$Construct@UDetailObject_t@@@@YAXPAUDetailObject_t@@@Z 00413fd0 f i detailObjects.obj
 0001:00012ff0       ??_GDetailObject_t@@QAEPAXI@Z 00413ff0 f i detailObjects.obj
 0001:00013020       ?EmitDetailModels@@YAXXZ   00414020 f   detailObjects.obj
 0001:000133e0       ?EmitDetailObjects@@YAXXZ  004143e0 f   detailObjects.obj
 0001:00013420       ?InsertBefore@?$CUtlVector@UDetailObject_t@@V?$CUtlMemory@UDetailObject_t@@@@@@QAEHH@Z 00414420 f i detailObjects.obj
 0001:000134b0       ??$Destruct@UDetailObject_t@@@@YAXPAUDetailObject_t@@@Z 004144b0 f i detailObjects.obj
 0001:000134c0       ?AddToTail@?$CUtlVector@UDetailObject_t@@V?$CUtlMemory@UDetailObject_t@@@@@@QAEHXZ 004144c0 f i detailObjects.obj
 0001:000134d0       ?RemoveAll@?$CUtlVector@UDetailObject_t@@V?$CUtlMemory@UDetailObject_t@@@@@@QAEXXZ 004144d0 f i detailObjects.obj
 0001:00013640       ?LoadEmitDetailObjectDictionary@@YAXPBD@Z 00414640 f   detailObjects.obj
 0001:00013690       ?Purge@?$CUtlVector@UDetailObject_t@@V?$CUtlMemory@UDetailObject_t@@@@@@QAEXXZ 00414690 f i detailObjects.obj
 0001:000136d0       ??1?$CUtlVector@UDetailObject_t@@V?$CUtlMemory@UDetailObject_t@@@@@@QAE@XZ 004146d0 f i detailObjects.obj
 0001:00013730       ??0CVertIndex@@QAE@XZ      00414730 f i disp_common.obj
 0001:00013740       ??0CVertIndex@@QAE@FF@Z    00414740 f i disp_common.obj
 0001:00013760       ?Init@CVertIndex@@QAEXFF@Z 00414760 f i disp_common.obj
 0001:00013780       ??ACVertIndex@@QAEAAFF@Z   00414780 f i disp_common.obj
 0001:00013790       ??ACVertIndex@@QBEABFF@Z   00414790 f i disp_common.obj
 0001:000137a0       ??YCVertIndex@@QAEXABV0@@Z 004147a0 f i disp_common.obj
 0001:000137c0       ??ZCVertIndex@@QAEXABV0@@Z 004147c0 f i disp_common.obj
 0001:000137e0       ??9CVertIndex@@QBE_NABV0@@Z 004147e0 f i disp_common.obj
 0001:00013810       ?VectorsAreEqual@@YA_NABVVector@@0M@Z 00414810 f i disp_common.obj
 0001:000138a0       ?VectorMin@@YAXABVVector@@0AAV1@@Z 004148a0 f i disp_common.obj
 0001:00013920       ?VectorMax@@YAXABVVector@@0AAV1@@Z 00414920 f i disp_common.obj
 0001:000139a0       ?GetNeighborIndex@CDispSubNeighbor@@QBEGXZ 004149a0 f i disp_common.obj
 0001:000139b0       ?GetSpan@CDispSubNeighbor@@QBE?AW4NeighborSpan@@XZ 004149b0 f i disp_common.obj
 0001:000139c0       ?GetNeighborSpan@CDispSubNeighbor@@QBE?AW4NeighborSpan@@XZ 004149c0 f i disp_common.obj
 0001:000139d0       ?GetNeighborOrientation@CDispSubNeighbor@@QBE?AW4NeighborOrientation@@XZ 004149d0 f i disp_common.obj
 0001:000139e0       ?IsValid@CDispSubNeighbor@@QBE_NXZ 004149e0 f i disp_common.obj
 0001:000139f0       ?SetInvalid@CDispSubNeighbor@@QAEXXZ 004149f0 f i disp_common.obj
 0001:00013a00       ?SetInvalid@CDispNeighbor@@QAEXXZ 00414a00 f i disp_common.obj
 0001:00013a10       ?SetInvalid@CDispCornerNeighbors@@QAEXXZ 00414a10 f i disp_common.obj
 0001:00013a20       ?GetVertIndex@CDispSubEdgeIterator@@QBEABVCVertIndex@@XZ 00414a20 f i disp_common.obj
 0001:00013a30       ?GetNBVertIndex@CDispSubEdgeIterator@@QBEABVCVertIndex@@XZ 00414a30 f i disp_common.obj
 0001:00013a40       ?GetNeighbor@CDispSubEdgeIterator@@QBEPAVCDispUtilsHelper@@XZ 00414a40 f i disp_common.obj
 0001:00013a50       ?GetVertIndex@CDispEdgeIterator@@QBEABVCVertIndex@@XZ 00414a50 f i disp_common.obj
 0001:00013a60       ?GetNBVertIndex@CDispEdgeIterator@@QBEABVCVertIndex@@XZ 00414a60 f i disp_common.obj
 0001:00013a70       ?GetCurrentNeighbor@CDispEdgeIterator@@QBEPAVCDispUtilsHelper@@XZ 00414a70 f i disp_common.obj
 0001:00013a80       ?GetPower@CPowerInfo@@QBEHXZ 00414a80 f i disp_common.obj
 0001:00013a90       ?GetSideLength@CPowerInfo@@QBEHXZ 00414a90 f i disp_common.obj
 0001:00013aa0       ?GetMidPoint@CPowerInfo@@QBEHXZ 00414aa0 f i disp_common.obj
 0001:00013ab0       ?GetCornerNeighbors@CCoreDispSurface@@QBEPBVCDispCornerNeighbors@@H@Z 00414ab0 f i disp_common.obj
 0001:00013ad0       ?GetEdgeNeighbor@CCoreDispSurface@@QBEPBVCDispNeighbor@@H@Z 00414ad0 f i disp_common.obj
 0001:00013af0       ?GetPoint@CCoreDispSurface@@QBEXHAAVVector@@@Z 00414af0 f i disp_common.obj
 0001:00013b20       ?GetPoint@CCoreDispSurface@@QBEABVVector@@H@Z 00414b20 f i disp_common.obj
 0001:00013b30       ?FromDispUtils@CCoreDispInfo@@SAPAV1@PAVCDispUtilsHelper@@@Z 00414b30 f i disp_common.obj
 0001:00013b40       ?GetSurface@CCoreDispInfo@@QAEPAVCCoreDispSurface@@XZ 00414b40 f i disp_common.obj
 0001:00013b50       ?GetSurface@CCoreDispInfo@@QBEPBVCCoreDispSurface@@XZ 00414b50 f i disp_common.obj
 0001:00013b60       ?GetCornerPointIndex@CCoreDispInfo@@QBEABVCVertIndex@@H@Z 00414b60 f i disp_common.obj
 0001:00013b80       ?GetCornerNeighbors@CCoreDispInfo@@QBEPBVCDispCornerNeighbors@@H@Z 00414b80 f i disp_common.obj
 0001:00013ba0       ?GetEdgeNeighbor@CCoreDispInfo@@QBEPBVCDispNeighbor@@H@Z 00414ba0 f i disp_common.obj
 0001:00013bc0       ?GetListIndex@CCoreDispInfo@@QAEHXZ 00414bc0 f i disp_common.obj
 0001:00013bd0       ?GetAllowedVerts@CCoreDispInfo@@QAEAAV?$CBitVec@$0BCB@@@XZ 00414bd0 f i disp_common.obj
 0001:00013be0       ?GetVert@CCoreDispInfo@@QBEABVVector@@H@Z 00414be0 f i disp_common.obj
 0001:00013c00       ??0CNodeVert@@QAE@XZ       00414c00 f i disp_common.obj
 0001:00013c10       ??0CNodeVert@@QAE@HH@Z     00414c10 f i disp_common.obj
 0001:00013c30       ??ACNodeVert@@QAEAAHH@Z    00414c30 f i disp_common.obj
 0001:00013c40       ??ACNodeVert@@QBEABHH@Z    00414c40 f i disp_common.obj
 0001:00013ca0       ?GetEdgeIndexFromPoint@@YAHABVCVertIndex@@H@Z 00414ca0 f   disp_common.obj
 0001:00013cf0       ?GetCornerIndexFromPoint@@YAHABVCVertIndex@@H@Z 00414cf0 f   disp_common.obj
 0001:00013d50       ?GetSubNeighborIndex@@YAHPAVCDispUtilsHelper@@HABVCVertIndex@@@Z 00414d50 f   disp_common.obj
 0001:00013dd0       ?SetupSpan@@YAXHHW4NeighborSpan@@AAVCVertIndex@@1@Z 00414dd0 f   disp_common.obj
 0001:00013e90       ??0CDispSubEdgeIterator@@QAE@XZ 00414e90 f   disp_common.obj
 0001:00013eb0       ?Next@CDispSubEdgeIterator@@QAE_NXZ 00414eb0 f   disp_common.obj
 0001:00013ef0       ?IsLastVert@CDispSubEdgeIterator@@QBE_NXZ 00414ef0 f   disp_common.obj
 0001:00013f10       ??0CDispEdgeIterator@@QAE@PAVCDispUtilsHelper@@H@Z 00414f10 f   disp_common.obj
 0001:00013f40       ??0CDispCircumferenceIterator@@QAE@H@Z 00414f40 f   disp_common.obj
 0001:00013f60       ?Next@CDispCircumferenceIterator@@QAE_NXZ 00414f60 f   disp_common.obj
 0001:00014210       ?GetPower@CDispUtilsHelper@@QBEHXZ 00415210 f   disp_common.obj
 0001:00014220       ?GetSideLength@CDispUtilsHelper@@QBEHXZ 00415220 f   disp_common.obj
 0001:00014230       ?GetCornerPointIndex@CDispUtilsHelper@@QBEABVCVertIndex@@H@Z 00415230 f   disp_common.obj
 0001:00014250       ?VertIndexToInt@CDispUtilsHelper@@QBEHABVCVertIndex@@@Z 00415250 f   disp_common.obj
 0001:00014270       ?GetEdgeMidPoint@CDispUtilsHelper@@QBE?AVCVertIndex@@H@Z 00415270 f   disp_common.obj
 0001:000142f0       ?DispCommon_GetNumTriIndices@@YAHH@Z 004152f0 f   disp_common.obj
 0001:00014310       ?DispCommon_GenerateTriIndices@@YAXHPAG@Z 00415310 f   disp_common.obj
 0001:00014350       ?ClearNeighborData@@YAXPAVCCoreDispInfo@@@Z 00415350 f   disp_common.obj
 0001:00014390       ?GetDispBox@@YAXPAVCCoreDispInfo@@AAVCDispBox@@@Z 00415390 f   disp_common.obj
 0001:00014470       ?DoBBoxesTouch@@YA_NABVCDispBox@@0@Z 00415470 f i disp_common.obj
 0001:000144c0       ?FindEdge@@YA_NPAVCCoreDispInfo@@ABVVector@@1AAH@Z 004154c0 f   disp_common.obj
 0001:00014550       ?NeighborSpanFlip@@YA?AW4NeighborSpan@@HW41@@Z 00415550 f   disp_common.obj
 0001:00014570       ?AddNeighbor@@YAXPAVCCoreDispInfo@@HHW4NeighborSpan@@0H1@Z 00415570 f   disp_common.obj
 0001:00014660       ?SetupEdgeNeighbors@@YAXPAVCCoreDispInfo@@0@Z 00415660 f   disp_common.obj
 0001:00014910       ?HasEdgeNeighbor@@YA_NPBVCCoreDispInfo@@H@Z 00415910 f   disp_common.obj
 0001:00014980       ?IsCorner@@YAHABVCVertIndex@@H@Z 00415980 f   disp_common.obj
 0001:000149d0       ?SetAll@?$CBitVec@$0BCB@@@QAEXH@Z 004159d0 f i disp_common.obj
 0001:00014a00       ?Get@?$CBitVec@$0BCB@@@QBEKK@Z 00415a00 f i disp_common.obj
 0001:00014a20       ?Clear@?$CBitVec@$0BCB@@@QAEXK@Z 00415a20 f i disp_common.obj
[...]
 0001:000cacc0       __unwindfunclet$?LoadFromBuffer@KeyValues@@QAE_NPBD0PAVIBaseFileSystem@@0@Z$0 004cbcc0 f   tier1:KeyValues.obj
 0001:000cacc8       __ehhandler$?LoadFromBuffer@KeyValues@@QAE_NPBD0PAVIBaseFileSystem@@0@Z 004cbcc8 f   tier1:KeyValues.obj
 0001:000cacf0       __unwindfunclet$??0?$basic_streambuf@DU?$char_traits@D@std@@@std@@IAE@XZ$0 004cbcf0 f   tier1:tokenreader.obj
 0001:000cacfb       __ehhandler$??0?$basic_streambuf@DU?$char_traits@D@std@@@std@@IAE@XZ 004cbcfb f   tier1:tokenreader.obj
 0001:000cad20       __unwindfunclet$??0?$ctype@D@std@@QAE@PBF_NI@Z$0 004cbd20 f   tier1:tokenreader.obj
 0001:000cad2b       __ehhandler$??0?$ctype@D@std@@QAE@PBF_NI@Z 004cbd2b f   tier1:tokenreader.obj
 0001:000cad60       __unwindfunclet$?_Getcat@?$ctype@D@std@@SAIPAPBVfacet@locale@2@@Z$0 004cbd60 f   tier1:tokenreader.obj
 0001:000cad6b       __ehhandler$?_Getcat@?$ctype@D@std@@SAIPAPBVfacet@locale@2@@Z 004cbd6b f   tier1:tokenreader.obj
 0001:000cad90       __unwindfunclet$?clear@ios_base@std@@QAEXH_N@Z$0 004cbd90 f   tier1:tokenreader.obj
 0001:000cad98       __unwindfunclet$?clear@ios_base@std@@QAEXH_N@Z$1 004cbd98 f   tier1:tokenreader.obj
 0001:000cada0       __unwindfunclet$?clear@ios_base@std@@QAEXH_N@Z$2 004cbda0 f   tier1:tokenreader.obj
 0001:000cada8       __ehhandler$?clear@ios_base@std@@QAEXH_N@Z 004cbda8 f   tier1:tokenreader.obj
 0001:000cadd0       __unwindfunclet$??$use_facet@V?$ctype@D@std@@@std@@YAABV?$ctype@D@0@ABVlocale@0@@Z$0 004cbdd0 f   tier1:tokenreader.obj
 0001:000cadd8       __ehhandler$??$use_facet@V?$ctype@D@std@@@std@@YAABV?$ctype@D@0@ABVlocale@0@@Z 004cbdd8 f   tier1:tokenreader.obj
 0001:000cae00       __unwindfunclet$?_Ipfx@?$basic_istream@DU?$char_traits@D@std@@@std@@QAE_N_N@Z$2 004cbe00 f   tier1:tokenreader.obj
 0001:000cae08       __ehhandler$?_Ipfx@?$basic_istream@DU?$char_traits@D@std@@@std@@QAE_N_N@Z 004cbe08 f   tier1:tokenreader.obj
 0001:000cae30       __unwindfunclet$?widen@?$basic_ios@DU?$char_traits@D@std@@@std@@QBEDD@Z$0 004cbe30 f   tier1:tokenreader.obj
 0001:000cae38       __ehhandler$?widen@?$basic_ios@DU?$char_traits@D@std@@@std@@QBEDD@Z 004cbe38 f   tier1:tokenreader.obj
 0001:000cae60       __unwindfunclet$??0sentry@?$basic_istream@DU?$char_traits@D@std@@@std@@QAE@AAV12@_N@Z$0 004cbe60 f   tier1:tokenreader.obj
 0001:000cae68       __ehhandler$??0sentry@?$basic_istream@DU?$char_traits@D@std@@@std@@QAE@AAV12@_N@Z 004cbe68 f   tier1:tokenreader.obj
 0001:000cae90       __unwindfunclet$?get@?$basic_istream@DU?$char_traits@D@std@@@std@@QAEHXZ$2 004cbe90 f   tier1:tokenreader.obj
 0001:000cae98       __ehhandler$?get@?$basic_istream@DU?$char_traits@D@std@@@std@@QAEHXZ 004cbe98 f   tier1:tokenreader.obj
 0001:000caec0       __unwindfunclet$?get@?$basic_istream@DU?$char_traits@D@std@@@std@@QAEAAV12@PADHD@Z$2 004cbec0 f   tier1:tokenreader.obj
 0001:000caec8       __ehhandler$?get@?$basic_istream@DU?$char_traits@D@std@@@std@@QAEAAV12@PADHD@Z 004cbec8 f   tier1:tokenreader.obj
 0001:000caef0       __unwindfunclet$?ignore@?$basic_istream@DU?$char_traits@D@std@@@std@@QAEAAV12@HH@Z$2 004cbef0 f   tier1:tokenreader.obj
 0001:000caef8       __ehhandler$?ignore@?$basic_istream@DU?$char_traits@D@std@@@std@@QAEAAV12@HH@Z 004cbef8 f   tier1:tokenreader.obj
 0001:000caf20       __unwindfunclet$?peek@?$basic_istream@DU?$char_traits@D@std@@@std@@QAEHXZ$2 004cbf20 f   tier1:tokenreader.obj
 0001:000caf28       __ehhandler$?peek@?$basic_istream@DU?$char_traits@D@std@@@std@@QAEHXZ 004cbf28 f   tier1:tokenreader.obj
 0001:000caf50       __unwindfunclet$?putback@?$basic_istream@DU?$char_traits@D@std@@@std@@QAEAAV12@D@Z$2 004cbf50 f   tier1:tokenreader.obj
 0001:000caf58       __ehhandler$?putback@?$basic_istream@DU?$char_traits@D@std@@@std@@QAEAAV12@D@Z 004cbf58 f   tier1:tokenreader.obj
 0001:000caf80       __unwindfunclet$??0?$basic_istream@DU?$char_traits@D@std@@@std@@QAE@PAV?$basic_streambuf@DU?$char_traits@D@std@@@1@_N@Z$0 004cbf80 f   tier1:tokenreader.obj
 0001:000caf9c       __ehhandler$??0?$basic_istream@DU?$char_traits@D@std@@@std@@QAE@PAV?$basic_streambuf@DU?$char_traits@D@std@@@1@_N@Z 004cbf9c f   tier1:tokenreader.obj
 0001:000cafc0       __unwindfunclet$?open@?$basic_filebuf@DU?$char_traits@D@std@@@std@@QAEPAV12@PBDHH@Z$0 004cbfc0 f   tier1:tokenreader.obj
 0001:000cafc8       __ehhandler$?open@?$basic_filebuf@DU?$char_traits@D@std@@@std@@QAEPAV12@PBDHH@Z 004cbfc8 f   tier1:tokenreader.obj
 0001:000caff0       __unwindfunclet$??0?$basic_ifstream@DU?$char_traits@D@std@@@std@@QAE@XZ$0 004cbff0 f   tier1:tokenreader.obj
 0001:000cb00c       __unwindfunclet$??0?$basic_ifstream@DU?$char_traits@D@std@@@std@@QAE@XZ$1 004cc00c f   tier1:tokenreader.obj
 0001:000cb017       __ehhandler$??0?$basic_ifstream@DU?$char_traits@D@std@@@std@@QAE@XZ 004cc017 f   tier1:tokenreader.obj
 0001:000cb040       __unwindfunclet$??0TokenReader@@QAE@XZ$0 004cc040 f   tier1:tokenreader.obj
 0001:000cb05f       __ehhandler$??0TokenReader@@QAE@XZ 004cc05f f   tier1:tokenreader.obj
 0001:000cb080       __unwindfunclet$??1?$CUtlVector@Uhash_item_t@CCountedStringPool@@V?$CUtlMemory@Uhash_item_t@CCountedStringPool@@@@@@QAE@XZ$0 004cc080 f   tier1:stringpool.obj
 0001:000cb088       __ehhandler$??1?$CUtlVector@Uhash_item_t@CCountedStringPool@@V?$CUtlMemory@Uhash_item_t@CCountedStringPool@@@@@@QAE@XZ 004cc088 f   tier1:stringpool.obj
 0001:000cb0b0       __unwindfunclet$??1?$CUtlRBTree@PBDGP6A_NABQBD0@Z@@QAE@XZ$0 004cc0b0 f   tier1:stringpool.obj
 0001:000cb0bb       __ehhandler$??1?$CUtlRBTree@PBDGP6A_NABQBD0@Z@@QAE@XZ 004cc0bb f   tier1:stringpool.obj
 0001:000cb0e0       __unwindfunclet$??1CStringPool@@QAE@XZ$0 004cc0e0 f   tier1:stringpool.obj
 0001:000cb0e8       __ehhandler$??1CStringPool@@QAE@XZ 004cc0e8 f   tier1:stringpool.obj
 0001:000cb110       __unwindfunclet$??0CCountedStringPool@@QAE@XZ$0 004cc110 f   tier1:stringpool.obj
 0001:000cb11b       __unwindfunclet$??0CCountedStringPool@@QAE@XZ$1 004cc11b f   tier1:stringpool.obj
 0001:000cb126       __ehhandler$??0CCountedStringPool@@QAE@XZ 004cc126 f   tier1:stringpool.obj
 0001:000cb150       __unwindfunclet$??1CCountedStringPool@@UAE@XZ$0 004cc150 f   tier1:stringpool.obj
 0001:000cb15b       __unwindfunclet$??1CCountedStringPool@@UAE@XZ$1 004cc15b f   tier1:stringpool.obj
 0001:000cb166       __ehhandler$??1CCountedStringPool@@UAE@XZ 004cc166 f   tier1:stringpool.obj
 0001:000cb190       __unwindfunclet$??1ConVar@@UAE@XZ$0 004cc190 f   tier1:convar.obj
 0001:000cb198       __ehhandler$??1ConVar@@UAE@XZ 004cc198 f   tier1:convar.obj
 0001:000cb1c0       __unwindfunclet$??0ConCommand@@QAE@PBDP6AXXZ0HP6AH0QAY0EA@D@Z@Z$0 004cc1c0 f   tier1:convar.obj
 0001:000cb1c8       __ehhandler$??0ConCommand@@QAE@PBDP6AXXZ0HP6AH0QAY0EA@D@Z@Z 004cc1c8 f   tier1:convar.obj
 0001:000cb1f0       __unwindfunclet$??0ConVar@@QAE@PBD0H@Z$0 004cc1f0 f   tier1:convar.obj
 0001:000cb1f8       __ehhandler$??0ConVar@@QAE@PBD0H@Z 004cc1f8 f   tier1:convar.obj
 0001:000cb220       __unwindfunclet$??0ConVar@@QAE@PBD0H0@Z$0 004cc220 f   tier1:convar.obj
 0001:000cb228       __ehhandler$??0ConVar@@QAE@PBD0H0@Z 004cc228 f   tier1:convar.obj
 0001:000cb250       __unwindfunclet$??0ConVar@@QAE@PBD0H0_NM1M@Z$0 004cc250 f   tier1:convar.obj
 0001:000cb258       __ehhandler$??0ConVar@@QAE@PBD0H0_NM1M@Z 004cc258 f   tier1:convar.obj
 0001:000cb280       __unwindfunclet$??0ConVar@@QAE@PBD0H0P6AXPAV0@0@Z@Z$0 004cc280 f   tier1:convar.obj
 0001:000cb288       __ehhandler$??0ConVar@@QAE@PBD0H0P6AXPAV0@0@Z@Z 004cc288 f   tier1:convar.obj
 0001:000cb2b0       __unwindfunclet$??0ConVar@@QAE@PBD0H0_NM1MP6AXPAV0@0@Z@Z$0 004cc2b0 f   tier1:convar.obj
 0001:000cb2b8       __ehhandler$??0ConVar@@QAE@PBD0H0_NM1MP6AXPAV0@0@Z@Z 004cc2b8 f   tier1:convar.obj
 0001:000cb2d3       __ehhandler$?CallUnexpected@@YAXPBU_s_ESTypeList@@@Z 004cc2d3 f   LIBCMT:frame.obj
 0001:000cb2ee       __unwindfunclet$?_Xlen@_String_base@std@@SAXXZ$0 004cc2ee f   libcpmt:string.obj
 0001:000cb2f6       __ehhandler$?_Xlen@_String_base@std@@SAXXZ 004cc2f6 f   libcpmt:string.obj
 0001:000cb311       __unwindfunclet$?_Xran@_String_base@std@@SAXXZ$0 004cc311 f   libcpmt:string.obj
 0001:000cb319       __ehhandler$?_Xran@_String_base@std@@SAXXZ 004cc319 f   libcpmt:string.obj
 0001:000cb334       __unwindfunclet$?_Xinvarg@_String_base@std@@SAXXZ$0 004cc334 f   libcpmt:string.obj
 0001:000cb33c       __ehhandler$?_Xinvarg@_String_base@std@@SAXXZ 004cc33c f   libcpmt:string.obj
 0001:000cb357       __unwindfunclet$?_Locimp_dtor@_Locimp@locale@std@@CAXPAV123@@Z$0 004cc357 f   libcpmt:locale0.obj
 0001:000cb35f       __ehhandler$?_Locimp_dtor@_Locimp@locale@std@@CAXPAV123@@Z 004cc35f f   libcpmt:locale0.obj
 0001:000cb37a       __unwindfunclet$??0_Locimp@locale@std@@AAE@_N@Z$0 004cc37a f   libcpmt:locale0.obj
 0001:000cb382       __ehhandler$??0_Locimp@locale@std@@AAE@_N@Z 004cc382 f   libcpmt:locale0.obj
 0001:000cb39d       __unwindfunclet$??1_Locimp@locale@std@@MAE@XZ$0 004cc39d f   libcpmt:locale0.obj
 0001:000cb3a5       __unwindfunclet$??1_Locimp@locale@std@@MAE@XZ$1 004cc3a5 f   libcpmt:locale0.obj
 0001:000cb3b0       __ehhandler$??1_Locimp@locale@std@@MAE@XZ 004cc3b0 f   libcpmt:locale0.obj
 0001:000cb3cb       __unwindfunclet$?_Init@locale@std@@CAPAV_Locimp@12@XZ$0 004cc3cb f   libcpmt:locale0.obj
 0001:000cb3d3       __unwindfunclet$?_Init@locale@std@@CAPAV_Locimp@12@XZ$1 004cc3d3 f   libcpmt:locale0.obj
 0001:000cb3dd       __ehhandler$?_Init@locale@std@@CAPAV_Locimp@12@XZ 004cc3dd f   libcpmt:locale0.obj
 0001:000cb3f8       __unwindfunclet$?empty@locale@std@@SA?AV12@XZ$0 004cc3f8 f   libcpmt:locale0.obj
 0001:000cb402       __ehhandler$?empty@locale@std@@SA?AV12@XZ 004cc402 f   libcpmt:locale0.obj
 0001:000cb420       __unwindfunclet$?GenerateMipmapLevels@ImageLoader@@YAXPAE0HHHW4ImageFormat@@MMH@Z$0 004cc420 f   bitmap:resample.obj
 0001:000cb428       __ehhandler$?GenerateMipmapLevels@ImageLoader@@YAXPAE0HHHW4ImageFormat@@MMH@Z 004cc428 f   bitmap:resample.obj
 0001:000cb450       ??__Es_EnvCubemapToBrushSides@@YAXXZ 004cc450 f   cubemap.obj
 0001:000cb460       ??__Es_DefaultCubemapNames@@YAXXZ 004cc460 f   cubemap.obj
 0001:000cb470       ??__Es_DetailObjectDict@@YAXXZ 004cc470 f   detailObjects.obj
 0001:000cb480       ??__Es_StaticPropLookup@@YAXXZ 004cc480 f   detailObjects.obj
 0001:000cb4d0       ??__Es_DetailObjectDictLump@@YAXXZ 004cc4d0 f   detailObjects.obj
 0001:000cb4e0       ??__Es_DetailObjectLump@@YAXXZ 004cc4e0 f   detailObjects.obj
 0001:000cb4f0       ??__Es_DetailSpriteDictLump@@YAXXZ 004cc4f0 f   detailObjects.obj
 0001:000cb500       ??__EgDispGridList@@YAXXZ  004cc500 f   disp_ivp.obj
 0001:000cb510       ??__Eg_TesselateVerts@@YAXXZ 004cc510 f   disp_powerinfo.obj
 0001:000cb5d0       ??__Eg_VertInfo_5x5@@YAXXZ 004cc5d0 f   disp_powerinfo.obj
 0001:000cb600       ??__Eg_VertInfo_9x9@@YAXXZ 004cc600 f   disp_powerinfo.obj
 0001:000cb630       ??__Eg_VertInfo_17x17@@YAXXZ 004cc630 f   disp_powerinfo.obj
 0001:000cb660       ??__Eg_PowerInfoInitializer@@YAXXZ 004cc660 f   disp_powerinfo.obj
 0001:000cb670       ??__Eg_CoreDispInfos@@YAXXZ 004cc670 f   disp_vbsp.obj
 0001:000cb680       ??__Eg_VertEdgeList@@YAXXZ 004cc680 f   faces.obj
 0001:000cb6c0       ??__Es_WorldPropList@@YAXXZ 004cc6c0 f   ivp.obj
 0001:000cb6d0       ??__Eg_WaterTexInfos@@YAXXZ 004cc6d0 f   ivp.obj
 0001:000cb720       ??__Eg_WaterModels@@YAXXZ  004cc720 f   ivp.obj
 0001:000cb730       ??__Eg_WaterLeafList@@YAXXZ 004cc730 f   ivp.obj
 0001:000cb740       ??__Ebrushsides@@YAXXZ     004cc740 f   map.obj
 0001:000cb790       ??__Eside_brushtextures@@YAXXZ 004cc790 f   map.obj
 0001:000cb7d0       ??__Emapplanes@@YAXXZ      004cc7d0 f   map.obj
 0001:000cb7f0       ??__Eg_NoDynamicShadowSides@@YAXXZ 004cc7f0 f   map.obj
 0001:000cb800       ??__Es_SymbolTable@@YAXXZ  004cc800 f   materialpatch.obj
 0001:000cb820       ??__Es_MapPatchedMatToOriginalMat@@YAXXZ 004cc820 f   materialpatch.obj
 0001:000cb870       ??__Eg_aMapOverlays@@YAXXZ 004cc870 f   overlay.obj
 0001:000cb880       ??__Eg_aMapWaterOverlays@@YAXXZ 004cc880 f   overlay.obj
 0001:000cb890       ??__Es_StaticPropDictLump@@YAXXZ 004cc890 f   StaticProp.obj
 0001:000cb8a0       ??__Es_StaticPropLump@@YAXXZ 004cc8a0 f   StaticProp.obj
 0001:000cb8b0       ??__Es_StaticPropLeafLump@@YAXXZ 004cc8b0 f   StaticProp.obj
 0001:000cb8c0       ??__Es_ModelCollisionCache@@YAXXZ 004cc8c0 f   StaticProp.obj
 0001:000cb910       ??__Es_LightingInfo@@YAXXZ 004cc910 f   StaticProp.obj
 0001:000cb920       ??__Eg_OccluderInfo@@YAXXZ 004cc920 f   vbsp.obj
 0001:000cb930       ??__Eg_ZipUtils@@YAXXZ     004cc930 f   zip_utils.obj
 0001:000cb990       ??__EdlightdataHDR@@YAXXZ  004cc990 f   bsplib.obj
 0001:000cb9a0       ??__EdlightdataLDR@@YAXXZ  004cc9a0 f   bsplib.obj
 0001:000cb9b0       ??__Edentdata@@YAXXZ       004cc9b0 f   bsplib.obj
 0001:000cb9c0       ??__Eg_LeafAmbientLightingLDR@@YAXXZ 004cc9c0 f   bsplib.obj
 0001:000cb9d0       ??__Eg_LeafAmbientLightingHDR@@YAXXZ 004cc9d0 f   bsplib.obj
 0001:000cb9e0       ??__Etexinfo@@YAXXZ        004cc9e0 f   bsplib.obj
 0001:000cb9f0       ??__Eg_dispinfo@@YAXXZ     004cc9f0 f   bsplib.obj
 0001:000cba00       ??__Eg_DispVerts@@YAXXZ    004cca00 f   bsplib.obj
 0001:000cba10       ??__Eg_DispTris@@YAXXZ     004cca10 f   bsplib.obj
 0001:000cba20       ??__Eg_DispLightmapSamplePositions@@YAXXZ 004cca20 f   bsplib.obj
 0001:000cba30       ??__Eg_FaceMacroTextureInfos@@YAXXZ 004cca30 f   bsplib.obj
 0001:000cba40       ??__Eg_TexDataStringData@@YAXXZ 004cca40 f   bsplib.obj
 0001:000cba50       ??__Eg_TexDataStringTable@@YAXXZ 004cca50 f   bsplib.obj
 0001:000cba60       ??__Eg_OccluderData@@YAXXZ 004cca60 f   bsplib.obj
 0001:000cbaa0       ??__Eg_OccluderPolyData@@YAXXZ 004ccaa0 f   bsplib.obj
 0001:000cbae0       ??__Eg_OccluderVertexIndices@@YAXXZ 004ccae0 f   bsplib.obj
 0001:000cbb20       ??__Eg_dLightmapPages@@YAXXZ 004ccb20 f   bsplib.obj
 0001:000cbb30       ??__Eg_dLightmapPageInfos@@YAXXZ 004ccb30 f   bsplib.obj
 0001:000cbb40       ??__Es_GameLumps@@YAXXZ    004ccb40 f   bsplib.obj
 0001:000cbb50       ??__Eg_ClusterLeaves@@YAXXZ 004ccb50 f   bsplib.obj
 0001:000cbb60       ??__E?id@?$codecvt@DDH@std@@2V0locale@2@A@@YAXXZ 004ccb60 f   ChunkFile.obj
 0001:000cbb80       ??__Eg_CleanupFunctions@@YAXXZ 004ccb80 f   cmdlib.obj
 0001:000cbb90       ??__Eg_ExtraSpewHooks@@YAXXZ 004ccb90 f   cmdlib.obj
 0001:000cbba0       ??__Eg_ExitStopper@@YAXXZ  004ccba0 f   cmdlib.obj
 0001:000cbbb0       ??__Eg_CritInit@@YAXXZ     004ccbb0 f   threads.obj
 0001:000cbbc0       ??__Es_StringCharConversion@@YAXXZ 004ccbc0 f   tier1:utlbuffer.obj
 0001:000cbc20       ??__Es_NoEscConversion@@YAXXZ 004ccc20 f   tier1:utlbuffer.obj
 0001:000cbc50       ??__Eg_CleanupSymbolTable@@YAXXZ 004ccc50 f   tier1:utlsymbol.obj
 0001:000cbc60       ??__Eg_CountedStringPool@@YAXXZ 004ccc60 f   tier1:stringpool.obj
 0001:000cbc80       ??__Edumpcountedstrings_command@@YAXXZ 004ccc80 f   tier1:stringpool.obj
 0001:000cbcb0       ??__Evec2_origin@@YAXXZ    004cccb0 f   tier2:tier2.obj
 0001:000cbd00       ??__Evec2_invalid@@YAXXZ   004ccd00 f   tier2:tier2.obj
 0001:000cbd50       ??__Einitlocks@std@@YAXXZ  004ccd50 f   libcpmt:xlock.obj
 0001:000cbd66       ??__Eclassic_locale@std@@YAXXZ 004ccd66 f   libcpmt:locale0.obj
 0001:000cbd72       ??__Einitlocks@std@@YAXXZ  004ccd72 f   libcpmt:iosptrs.obj
 0001:000cbd88       ??__Einit_atexit@@YAXXZ    004ccd88 f   libcpmt:iosptrs.obj
 0001:000cbda0       ??__Fs_DefaultCubemapNames@@YAXXZ 004ccda0 f   cubemap.obj
 0001:000cbdb0       ??__Fs_EnvCubemapToBrushSides@@YAXXZ 004ccdb0 f   cubemap.obj
 0001:000cbdc0       ??__Fs_DetailObjectDictLump@@YAXXZ 004ccdc0 f   detailObjects.obj
 0001:000cbdd0       ??__Fs_DetailObjectLump@@YAXXZ 004ccdd0 f   detailObjects.obj
 0001:000cbde0       ??__Fs_DetailSpriteDictLump@@YAXXZ 004ccde0 f   detailObjects.obj
 0001:000cbdf0       ??__Fs_StaticPropLookup@@YAXXZ 004ccdf0 f   detailObjects.obj
 0001:000cbe40       ??__Fs_DetailObjectDict@@YAXXZ 004cce40 f   detailObjects.obj
 0001:000cbe50       ??__FgDispGridList@@YAXXZ  004cce50 f   disp_ivp.obj
 0001:000cbe60       ??__Fg_CoreDispInfos@@YAXXZ 004cce60 f   disp_vbsp.obj
 0001:000cbe70       ??__Fg_VertEdgeList@@YAXXZ 004cce70 f   faces.obj
 0001:000cbee0       ??__Fg_WaterModels@@YAXXZ  004ccee0 f   ivp.obj
 0001:000cbef0       ??__Fs_WorldPropList@@YAXXZ 004ccef0 f   ivp.obj
 0001:000cbf00       ??__Fg_WaterTexInfos@@YAXXZ 004ccf00 f   ivp.obj
 0001:000cbf50       ??__Fg_WaterLeafList@@YAXXZ 004ccf50 f   ivp.obj
 0001:000cbf60       ??__Fg_NoDynamicShadowSides@@YAXXZ 004ccf60 f   map.obj
 0001:000cbf70       ??__Fbrushsides@@YAXXZ     004ccf70 f   map.obj
 0001:000cc010       ??__Fs_SymbolTable@@YAXXZ  004cd010 f   materialpatch.obj
 0001:000cc020       ??__Fs_MapPatchedMatToOriginalMat@@YAXXZ 004cd020 f   materialpatch.obj
 0001:000cc070       ??__Fg_aMapOverlays@@YAXXZ 004cd070 f   overlay.obj
 0001:000cc080       ??__Fg_aMapWaterOverlays@@YAXXZ 004cd080 f   overlay.obj
 0001:000cc090       ??__Fs_StaticPropDictLump@@YAXXZ 004cd090 f   StaticProp.obj
 0001:000cc0a0       ??__Fs_StaticPropLump@@YAXXZ 004cd0a0 f   StaticProp.obj
 0001:000cc0b0       ??__Fs_StaticPropLeafLump@@YAXXZ 004cd0b0 f   StaticProp.obj
 0001:000cc0c0       ??__Fs_LightingInfo@@YAXXZ 004cd0c0 f   StaticProp.obj
 0001:000cc0d0       ??__Fs_ModelCollisionCache@@YAXXZ 004cd0d0 f   StaticProp.obj
 0001:000cc120       ??__Fg_OccluderInfo@@YAXXZ 004cd120 f   vbsp.obj
 0001:000cc130       ??__Fg_ZipUtils@@YAXXZ     004cd130 f   zip_utils.obj
 0001:000cc190       ??__FdlightdataHDR@@YAXXZ  004cd190 f   bsplib.obj
 0001:000cc1a0       ??__FdlightdataLDR@@YAXXZ  004cd1a0 f   bsplib.obj
 0001:000cc1b0       ??__Fdentdata@@YAXXZ       004cd1b0 f   bsplib.obj
 0001:000cc1c0       ??__Fg_LeafAmbientLightingLDR@@YAXXZ 004cd1c0 f   bsplib.obj
 0001:000cc1d0       ??__Fg_LeafAmbientLightingHDR@@YAXXZ 004cd1d0 f   bsplib.obj
 0001:000cc1e0       ??__Fg_DispLightmapSamplePositions@@YAXXZ 004cd1e0 f   bsplib.obj
 0001:000cc1f0       ??__Fg_TexDataStringData@@YAXXZ 004cd1f0 f   bsplib.obj
 0001:000cc200       ??__Fg_TexDataStringTable@@YAXXZ 004cd200 f   bsplib.obj
 0001:000cc210       ??__Fg_OccluderData@@YAXXZ 004cd210 f   bsplib.obj
 0001:000cc220       ??__Fg_OccluderPolyData@@YAXXZ 004cd220 f   bsplib.obj
 0001:000cc230       ??__Fg_OccluderVertexIndices@@YAXXZ 004cd230 f   bsplib.obj
 0001:000cc240       ??__Ftexinfo@@YAXXZ        004cd240 f   bsplib.obj
 0001:000cc250       ??__Fg_dispinfo@@YAXXZ     004cd250 f   bsplib.obj
 0001:000cc260       ??__Fg_DispVerts@@YAXXZ    004cd260 f   bsplib.obj
 0001:000cc270       ??__Fg_DispTris@@YAXXZ     004cd270 f   bsplib.obj
 0001:000cc280       ??__Fg_FaceMacroTextureInfos@@YAXXZ 004cd280 f   bsplib.obj
 0001:000cc290       ??__Fg_dLightmapPages@@YAXXZ 004cd290 f   bsplib.obj
 0001:000cc2a0       ??__Fg_dLightmapPageInfos@@YAXXZ 004cd2a0 f   bsplib.obj
 0001:000cc2b0       ??__Fs_GameLumps@@YAXXZ    004cd2b0 f   bsplib.obj
 0001:000cc300       ??__Fg_ClusterLeaves@@YAXXZ 004cd300 f   bsplib.obj
 0001:000cc310       ??__Fg_ExitStopper@@YAXXZ  004cd310 f   cmdlib.obj
 0001:000cc330       ??__Fg_CleanupFunctions@@YAXXZ 004cd330 f   cmdlib.obj
 0001:000cc380       ??__Fg_ExtraSpewHooks@@YAXXZ 004cd380 f   cmdlib.obj
 0001:000cc3d0       ??__Fbuf@?1??CmdLib_FPrintf@@YAXPAXPBDZZ@YAXXZ 004cd3d0 f   cmdlib.obj
 0001:000cc3e0       ??__Fg_CleanupSymbolTable@@YAXXZ 004cd3e0 f   tier1:utlsymbol.obj
 0001:000cc420       ??__Fdumpcountedstrings_command@@YAXXZ 004cd420 f   tier1:stringpool.obj
 0001:000cc430       ??__Fg_CountedStringPool@@YAXXZ 004cd430 f   tier1:stringpool.obj
 0001:000cc43a       ??__Finitlocks@std@@YAXXZ  004cd43a f   libcpmt:xlock.obj
 0001:000cc444       ??__Fclassic_locale@std@@YAXXZ 004cd444 f   libcpmt:locale0.obj
 0001:000cc44e       ??__Finitlocks@std@@YAXXZ  004cd44e f   libcpmt:iosptrs.obj
 0001:000cc458       ??__Finit_atexit@@YAXXZ    004cd458 f   libcpmt:iosptrs.obj
